Archive member included to satisfy reference by file (symbol)

/home/reinanlinux/.pico-sdk/toolchain/13_3_Rel1/bin/../lib/gcc/arm-none-eabi/13.3.1/thumb/v6-m/nofp/libgcc.a(_dvmd_tls.o)
                              CMakeFiles/MatrizDeLeds.dir/home/reinanlinux/.pico-sdk/sdk/2.1.0/src/rp2_common/pico_divider/divider_hardware.S.o (__aeabi_idiv0)
/home/reinanlinux/.pico-sdk/toolchain/13_3_Rel1/bin/../lib/gcc/arm-none-eabi/13.3.1/../../../../arm-none-eabi/lib/thumb/v6-m/nofp/libg.a(libc_a-strlen-stub.o)
                              CMakeFiles/MatrizDeLeds.dir/home/reinanlinux/.pico-sdk/sdk/2.1.0/src/rp2_common/pico_stdio/stdio.c.o (strlen)
/home/reinanlinux/.pico-sdk/toolchain/13_3_Rel1/bin/../lib/gcc/arm-none-eabi/13.3.1/../../../../arm-none-eabi/lib/thumb/v6-m/nofp/libg.a(libc_a-malloc.o)
                              CMakeFiles/MatrizDeLeds.dir/home/reinanlinux/.pico-sdk/sdk/2.1.0/src/rp2_common/pico_malloc/malloc.c.o (malloc)
/home/reinanlinux/.pico-sdk/toolchain/13_3_Rel1/bin/../lib/gcc/arm-none-eabi/13.3.1/../../../../arm-none-eabi/lib/thumb/v6-m/nofp/libg.a(libc_a-mallocr.o)
                              /home/reinanlinux/.pico-sdk/toolchain/13_3_Rel1/bin/../lib/gcc/arm-none-eabi/13.3.1/../../../../arm-none-eabi/lib/thumb/v6-m/nofp/libg.a(libc_a-malloc.o) (_malloc_r)
/home/reinanlinux/.pico-sdk/toolchain/13_3_Rel1/bin/../lib/gcc/arm-none-eabi/13.3.1/../../../../arm-none-eabi/lib/thumb/v6-m/nofp/libg.a(libc_a-lcltime_r.o)
                              CMakeFiles/MatrizDeLeds.dir/home/reinanlinux/.pico-sdk/sdk/2.1.0/src/common/pico_util/datetime.c.o (localtime_r)
/home/reinanlinux/.pico-sdk/toolchain/13_3_Rel1/bin/../lib/gcc/arm-none-eabi/13.3.1/../../../../arm-none-eabi/lib/thumb/v6-m/nofp/libg.a(libc_a-sbrkr.o)
                              /home/reinanlinux/.pico-sdk/toolchain/13_3_Rel1/bin/../lib/gcc/arm-none-eabi/13.3.1/../../../../arm-none-eabi/lib/thumb/v6-m/nofp/libg.a(libc_a-mallocr.o) (_sbrk_r)
/home/reinanlinux/.pico-sdk/toolchain/13_3_Rel1/bin/../lib/gcc/arm-none-eabi/13.3.1/../../../../arm-none-eabi/lib/thumb/v6-m/nofp/libg.a(libc_a-mktime.o)
                              CMakeFiles/MatrizDeLeds.dir/home/reinanlinux/.pico-sdk/sdk/2.1.0/src/common/pico_util/datetime.c.o (mktime)
/home/reinanlinux/.pico-sdk/toolchain/13_3_Rel1/bin/../lib/gcc/arm-none-eabi/13.3.1/../../../../arm-none-eabi/lib/thumb/v6-m/nofp/libg.a(libc_a-month_lengths.o)
                              /home/reinanlinux/.pico-sdk/toolchain/13_3_Rel1/bin/../lib/gcc/arm-none-eabi/13.3.1/../../../../arm-none-eabi/lib/thumb/v6-m/nofp/libg.a(libc_a-lcltime_r.o) (__month_lengths)
/home/reinanlinux/.pico-sdk/toolchain/13_3_Rel1/bin/../lib/gcc/arm-none-eabi/13.3.1/../../../../arm-none-eabi/lib/thumb/v6-m/nofp/libg.a(libc_a-tzcalc_limits.o)
                              /home/reinanlinux/.pico-sdk/toolchain/13_3_Rel1/bin/../lib/gcc/arm-none-eabi/13.3.1/../../../../arm-none-eabi/lib/thumb/v6-m/nofp/libg.a(libc_a-lcltime_r.o) (__tzcalc_limits)
/home/reinanlinux/.pico-sdk/toolchain/13_3_Rel1/bin/../lib/gcc/arm-none-eabi/13.3.1/../../../../arm-none-eabi/lib/thumb/v6-m/nofp/libg.a(libc_a-tzlock.o)
                              /home/reinanlinux/.pico-sdk/toolchain/13_3_Rel1/bin/../lib/gcc/arm-none-eabi/13.3.1/../../../../arm-none-eabi/lib/thumb/v6-m/nofp/libg.a(libc_a-lcltime_r.o) (__tz_lock)
/home/reinanlinux/.pico-sdk/toolchain/13_3_Rel1/bin/../lib/gcc/arm-none-eabi/13.3.1/../../../../arm-none-eabi/lib/thumb/v6-m/nofp/libg.a(libc_a-tzset.o)
                              /home/reinanlinux/.pico-sdk/toolchain/13_3_Rel1/bin/../lib/gcc/arm-none-eabi/13.3.1/../../../../arm-none-eabi/lib/thumb/v6-m/nofp/libg.a(libc_a-lcltime_r.o) (_tzset_unlocked)
/home/reinanlinux/.pico-sdk/toolchain/13_3_Rel1/bin/../lib/gcc/arm-none-eabi/13.3.1/../../../../arm-none-eabi/lib/thumb/v6-m/nofp/libg.a(libc_a-mlock.o)
                              /home/reinanlinux/.pico-sdk/toolchain/13_3_Rel1/bin/../lib/gcc/arm-none-eabi/13.3.1/../../../../arm-none-eabi/lib/thumb/v6-m/nofp/libg.a(libc_a-mallocr.o) (__malloc_lock)
/home/reinanlinux/.pico-sdk/toolchain/13_3_Rel1/bin/../lib/gcc/arm-none-eabi/13.3.1/../../../../arm-none-eabi/lib/thumb/v6-m/nofp/libg.a(libc_a-calloc.o)
                              CMakeFiles/MatrizDeLeds.dir/home/reinanlinux/.pico-sdk/sdk/2.1.0/src/rp2_common/pico_malloc/malloc.c.o (calloc)
/home/reinanlinux/.pico-sdk/toolchain/13_3_Rel1/bin/../lib/gcc/arm-none-eabi/13.3.1/../../../../arm-none-eabi/lib/thumb/v6-m/nofp/libg.a(libc_a-memcmp.o)
                              CMakeFiles/MatrizDeLeds.dir/home/reinanlinux/.pico-sdk/sdk/2.1.0/src/rp2_common/pico_atomic/atomic.c.o (memcmp)
/home/reinanlinux/.pico-sdk/toolchain/13_3_Rel1/bin/../lib/gcc/arm-none-eabi/13.3.1/../../../../arm-none-eabi/lib/thumb/v6-m/nofp/libg.a(libc_a-callocr.o)
                              /home/reinanlinux/.pico-sdk/toolchain/13_3_Rel1/bin/../lib/gcc/arm-none-eabi/13.3.1/../../../../arm-none-eabi/lib/thumb/v6-m/nofp/libg.a(libc_a-calloc.o) (_calloc_r)
[...]
Memory Configuration

Name             Origin             Length             Attributes
FLASH            0x10000000         0x00200000         xr
RAM              0x20000000         0x00040000         xrw
SCRATCH_X        0x20040000         0x00001000         xrw
SCRATCH_Y        0x20041000         0x00001000         xrw
*default*        0x00000000         0xffffffff

Linker script and memory map

LOAD /home/reinanlinux/.pico-sdk/toolchain/13_3_Rel1/bin/../lib/gcc/arm-none-eabi/13.3.1/thumb/v6-m/nofp/crti.o
LOAD /home/reinanlinux/.pico-sdk/toolchain/13_3_Rel1/bin/../lib/gcc/arm-none-eabi/13.3.1/thumb/v6-m/nofp/crtbegin.o
LOAD /home/reinanlinux/.pico-sdk/toolchain/13_3_Rel1/bin/../lib/gcc/arm-none-eabi/13.3.1/../../../../arm-none-eabi/lib/thumb/v6-m/nofp/crt0.o

.flash_begin    0x10000000        0x0
                0x10000000                        __flash_binary_start = .

.boot2          0x10000000      0x100
                0x10000000                        __boot2_start__ = .
 *(.boot2)
 .boot2         0x10000000      0x100 pico-sdk/src/rp2040/boot_stage2/CMakeFiles/bs2_default_library.dir/./bs2_default_padded_checksummed.S.o
                0x10000100                        __boot2_end__ = .
                0x00000001                        ASSERT (((__boot2_end__ - __boot2_start__) == 0x100), ERROR: Pico second stage bootloader must be 256 bytes in size)

.text           0x10000100     0x4d6c
                0x10000100                        __logical_binary_start = .
 *(.vectors)
 .vectors       0x10000100       0xd4 CMakeFiles/MatrizDeLeds.dir/home/reinanlinux/.pico-sdk/sdk/2.1.0/src/rp2_common/pico_crt0/crt0.S.o
                0x10000100                __vectors
                0x10000100                __VECTOR_TABLE
                0x100001c0                isr_invalid
                0x100001c0                __default_isrs_start
                0x100001c2                isr_nmi
                0x100001c4                isr_hardfault
                0x100001c6                isr_svcall
                0x100001c8                isr_pendsv
                0x100001ca                isr_systick
                0x100001cc                isr_irq30
                0x100001cc                __unhandled_user_irq
                0x100001cc                isr_irq13
                0x100001cc                isr_irq27
                0x100001cc                isr_irq31
                0x100001cc                isr_irq5
                0x100001cc                isr_irq11
                0x100001cc                isr_irq23
                0x100001cc                isr_irq18
                0x100001cc                isr_irq28
                0x100001cc                isr_irq19
                0x100001cc                isr_irq0
                0x100001cc                isr_irq6
                0x100001cc                isr_irq22
                0x100001cc                isr_irq17
                0x100001cc                isr_irq14
                0x100001cc                isr_irq2
                0x100001cc                isr_irq10
                0x100001cc                isr_irq8
                0x100001cc                isr_irq24
                0x100001cc                isr_irq1
                0x100001cc                isr_irq7
                0x100001cc                isr_irq21
                0x100001cc                isr_irq20
                0x100001cc                isr_irq15
                0x100001cc                isr_irq25
                0x100001cc                isr_irq4
                0x100001cc                isr_irq16
                0x100001cc                isr_irq29
                0x100001cc                isr_irq26
                0x100001cc                __default_isrs_end
                0x100001cc                isr_irq3
                0x100001cc                isr_irq12
                0x100001cc                isr_irq9
                0x100001d2                unhandled_user_irq_num_in_r0
 *(.binary_info_header)
 .binary_info_header
                0x100001d4       0x14 CMakeFiles/MatrizDeLeds.dir/home/reinanlinux/.pico-sdk/sdk/2.1.0/src/rp2_common/pico_crt0/crt0.S.o
                0x100001e8                        __binary_info_header_end = .
 *(.embedded_block)
                0x100001e8                        __embedded_block_end = .
 *(.reset)
 .reset         0x100001e8       0x9c CMakeFiles/MatrizDeLeds.dir/home/reinanlinux/.pico-sdk/sdk/2.1.0/src/rp2_common/pico_crt0/crt0.S.o
                0x100001e8                _entry_point
 *(.init)
 .init          0x10000284        0x4 /home/reinanlinux/.pico-sdk/toolchain/13_3_Rel1/bin/../lib/gcc/arm-none-eabi/13.3.1/thumb/v6-m/nofp/crti.o
                0x10000284                _init
 *(EXCLUDE_FILE(*libm.a: *libc.a:*lib_a-mem*.o *libgcc.a:) .text*)
 .text.register_tm_clones
                0x10000288       0x28 /home/reinanlinux/.pico-sdk/toolchain/13_3_Rel1/bin/../lib/gcc/arm-none-eabi/13.3.1/thumb/v6-m/nofp/crtbegin.o
 .text.frame_dummy
                0x100002b0       0x24 /home/reinanlinux/.pico-sdk/toolchain/13_3_Rel1/bin/../lib/gcc/arm-none-eabi/13.3.1/thumb/v6-m/nofp/crtbegin.o
 .text.startup.main
                0x100002d4      0x10c CMakeFiles/MatrizDeLeds.dir/MatrizDeLeds.c.o
                0x100002d4                main
 .text.gpio_set_function
                0x100003e0       0x34 CMakeFiles/MatrizDeLeds.dir/home/reinanlinux/.pico-sdk/sdk/2.1.0/src/rp2_common/hardware_gpio/gpio.c.o
                0x100003e0                gpio_set_function
 .text.rp2040_chip_version
                0x10000414        0xc CMakeFiles/MatrizDeLeds.dir/home/reinanlinux/.pico-sdk/sdk/2.1.0/src/rp2040/pico_platform/platform.c.o
                0x10000414                rp2040_chip_version
 .text.panic    0x10000420       0x30 CMakeFiles/MatrizDeLeds.dir/home/reinanlinux/.pico-sdk/sdk/2.1.0/src/rp2_common/pico_platform_panic/panic.c.o
                0x10000420                panic
 .text.hw_claim_lock
                0x10000450       0x18 CMakeFiles/MatrizDeLeds.dir/home/reinanlinux/.pico-sdk/sdk/2.1.0/src/common/hardware_claim/claim.c.o
                0x10000450                hw_claim_lock
 .text.hw_claim_unlock
                0x10000468       0x14 CMakeFiles/MatrizDeLeds.dir/home/reinanlinux/.pico-sdk/sdk/2.1.0/src/common/hardware_claim/claim.c.o
                0x10000468                hw_claim_unlock
 .text.hw_claim_or_assert
                0x1000047c       0x44 CMakeFiles/MatrizDeLeds.dir/home/reinanlinux/.pico-sdk/sdk/2.1.0/src/common/hardware_claim/claim.c.o
                0x1000047c                hw_claim_or_assert
 .text.hw_claim_unused_from_range
                0x100004c0       0x9c CMakeFiles/MatrizDeLeds.dir/home/reinanlinux/.pico-sdk/sdk/2.1.0/src/common/hardware_claim/claim.c.o
                0x100004c0                hw_claim_unused_from_range
 .text.next_striped_spin_lock_num
                0x1000055c       0x18 CMakeFiles/MatrizDeLeds.dir/home/reinanlinux/.pico-sdk/sdk/2.1.0/src/rp2_common/hardware_sync/sync.c.o
                0x1000055c                next_striped_spin_lock_num
 .text.spin_lock_claim_unused
                0x10000574       0x24 CMakeFiles/MatrizDeLeds.dir/home/reinanlinux/.pico-sdk/sdk/2.1.0/src/rp2_common/hardware_sync/sync.c.o
                0x10000574                spin_lock_claim_unused
 .text.spin_locks_reset
                0x10000598       0x1c CMakeFiles/MatrizDeLeds.dir/home/reinanlinux/.pico-sdk/sdk/2.1.0/src/rp2_common/hardware_sync_spin_lock/sync_spin_lock.c.o
                0x10000598                spin_locks_reset
 .text.runtime_init_per_core_irq_priorities
                0x100005b4       0x24 CMakeFiles/MatrizDeLeds.dir/home/reinanlinux/.pico-sdk/sdk/2.1.0/src/rp2_common/hardware_irq/irq.c.o
                0x100005b4                runtime_init_per_core_irq_priorities
 .text.irq_set_enabled
                0x100005d8       0x24 CMakeFiles/MatrizDeLeds.dir/home/reinanlinux/.pico-sdk/sdk/2.1.0/src/rp2_common/hardware_irq/irq.c.o
                0x100005d8                irq_set_enabled
 .text.irq_is_enabled
                0x100005fc       0x18 CMakeFiles/MatrizDeLeds.dir/home/reinanlinux/.pico-sdk/sdk/2.1.0/src/rp2_common/hardware_irq/irq.c.o
                0x100005fc                irq_is_enabled
 .text.irq_set_pending
                0x10000614       0x10 CMakeFiles/MatrizDeLeds.dir/home/reinanlinux/.pico-sdk/sdk/2.1.0/src/rp2_common/hardware_irq/irq.c.o
                0x10000614                irq_set_pending
 .text.irq_has_shared_handler
                0x10000624       0x2c CMakeFiles/MatrizDeLeds.dir/home/reinanlinux/.pico-sdk/sdk/2.1.0/src/rp2_common/hardware_irq/irq.c.o
                0x10000624                irq_has_shared_handler
 .text.irq_set_exclusive_handler
                0x10000650       0x54 CMakeFiles/MatrizDeLeds.dir/home/reinanlinux/.pico-sdk/sdk/2.1.0/src/rp2_common/hardware_irq/irq.c.o
                0x10000650                irq_set_exclusive_handler
 .text.irq_add_shared_handler
                0x100006a4      0x1f4 CMakeFiles/MatrizDeLeds.dir/home/reinanlinux/.pico-sdk/sdk/2.1.0/src/rp2_common/hardware_irq/irq.c.o
                0x100006a4                irq_add_shared_handler
 .text.irq_remove_handler
                0x10000898      0x1d4 CMakeFiles/MatrizDeLeds.dir/home/reinanlinux/.pico-sdk/sdk/2.1.0/src/rp2_common/hardware_irq/irq.c.o
                0x10000898                irq_remove_handler
 .text.irq_add_tail_to_free_list
                0x10000a6c       0xb4 CMakeFiles/MatrizDeLeds.dir/home/reinanlinux/.pico-sdk/sdk/2.1.0/src/rp2_common/hardware_irq/irq.c.o
                0x10000a6c                irq_add_tail_to_free_list
 .text.user_irq_claim_unused
                0x10000b20       0x2c CMakeFiles/MatrizDeLeds.dir/home/reinanlinux/.pico-sdk/sdk/2.1.0/src/rp2_common/hardware_irq/irq.c.o
                0x10000b20                user_irq_claim_unused
 .text.lock_init
                0x10000b4c       0x10 CMakeFiles/MatrizDeLeds.dir/home/reinanlinux/.pico-sdk/sdk/2.1.0/src/common/pico_sync/lock_core.c.o
                0x10000b4c                lock_init
 .text.runtime_init_mutex
                0x10000b5c       0x50 CMakeFiles/MatrizDeLeds.dir/home/reinanlinux/.pico-sdk/sdk/2.1.0/src/common/pico_sync/mutex.c.o
                0x10000b5c                runtime_init_mutex
 .text.mutex_init
                0x10000bac       0x1c CMakeFiles/MatrizDeLeds.dir/home/reinanlinux/.pico-sdk/sdk/2.1.0/src/common/pico_sync/mutex.c.o
                0x10000bac                mutex_init
 .text.critical_section_init
                0x10000bc8       0x1c CMakeFiles/MatrizDeLeds.dir/home/reinanlinux/.pico-sdk/sdk/2.1.0/src/common/pico_sync/critical_section.c.o
                0x10000bc8                critical_section_init
 .text.critical_section_init_with_lock_num
                0x10000be4       0x14 CMakeFiles/MatrizDeLeds.dir/home/reinanlinux/.pico-sdk/sdk/2.1.0/src/common/pico_sync/critical_section.c.o
                0x10000be4                critical_section_init_with_lock_num
 .text.sleep_until_callback
                0x10000bf8       0x30 CMakeFiles/MatrizDeLeds.dir/home/reinanlinux/.pico-sdk/sdk/2.1.0/src/common/pico_time/time.c.o
 .text.alarm_pool_irq_handler
                0x10000c28      0x2fc CMakeFiles/MatrizDeLeds.dir/home/reinanlinux/.pico-sdk/sdk/2.1.0/src/common/pico_time/time.c.o
 .text.runtime_init_default_alarm_pool
                0x10000f24       0xdc CMakeFiles/MatrizDeLeds.dir/home/reinanlinux/.pico-sdk/sdk/2.1.0/src/common/pico_time/time.c.o
                0x10000f24                runtime_init_default_alarm_pool
 .text.alarm_pool_get_default
                0x10001000        0x8 CMakeFiles/MatrizDeLeds.dir/home/reinanlinux/.pico-sdk/sdk/2.1.0/src/common/pico_time/time.c.o
                0x10001000                alarm_pool_get_default
 .text.alarm_pool_add_alarm_at
                0x10001008       0xd4 CMakeFiles/MatrizDeLeds.dir/home/reinanlinux/.pico-sdk/sdk/2.1.0/src/common/pico_time/time.c.o
                0x10001008                alarm_pool_add_alarm_at
 .text.alarm_pool_add_alarm_at_force_in_context
                0x100010dc       0xb0 CMakeFiles/MatrizDeLeds.dir/home/reinanlinux/.pico-sdk/sdk/2.1.0/src/common/pico_time/time.c.o
                0x100010dc                alarm_pool_add_alarm_at_force_in_context
 .text.alarm_pool_cancel_alarm
                0x1000118c       0x74 CMakeFiles/MatrizDeLeds.dir/home/reinanlinux/.pico-sdk/sdk/2.1.0/src/common/pico_time/time.c.o
                0x1000118c                alarm_pool_cancel_alarm
 .text.alarm_pool_core_num
                0x10001200        0x4 CMakeFiles/MatrizDeLeds.dir/home/reinanlinux/.pico-sdk/sdk/2.1.0/src/common/pico_time/time.c.o
                0x10001200                alarm_pool_core_num
 .text.sleep_until
                0x10001204       0xd8 CMakeFiles/MatrizDeLeds.dir/home/reinanlinux/.pico-sdk/sdk/2.1.0/src/common/pico_time/time.c.o
                0x10001204                sleep_until
 .text.sleep_ms
                0x100012dc       0x38 CMakeFiles/MatrizDeLeds.dir/home/reinanlinux/.pico-sdk/sdk/2.1.0/src/common/pico_time/time.c.o
                0x100012dc                sleep_ms
 .text.best_effort_wfe_or_timeout
                0x10001314       0xe0 CMakeFiles/MatrizDeLeds.dir/home/reinanlinux/.pico-sdk/sdk/2.1.0/src/common/pico_time/time.c.o
                0x10001314                best_effort_wfe_or_timeout
 .text.timer_hardware_alarm_claim
                0x100013f4       0x14 CMakeFiles/MatrizDeLeds.dir/home/reinanlinux/.pico-sdk/sdk/2.1.0/src/rp2_common/hardware_timer/timer.c.o
                0x100013f4                timer_hardware_alarm_claim
 .text.timer_time_us_64
                0x10001408       0x10 CMakeFiles/MatrizDeLeds.dir/home/reinanlinux/.pico-sdk/sdk/2.1.0/src/rp2_common/hardware_timer/timer.c.o
                0x10001408                timer_time_us_64
 .text.time_us_64
                0x10001418       0x14 CMakeFiles/MatrizDeLeds.dir/home/reinanlinux/.pico-sdk/sdk/2.1.0/src/rp2_common/hardware_timer/timer.c.o
                0x10001418                time_us_64
 .text.busy_wait_us
                0x1000142c       0x68 CMakeFiles/MatrizDeLeds.dir/home/reinanlinux/.pico-sdk/sdk/2.1.0/src/rp2_common/hardware_timer/timer.c.o
                0x1000142c                busy_wait_us
 .text.busy_wait_until
                0x10001494       0x20 CMakeFiles/MatrizDeLeds.dir/home/reinanlinux/.pico-sdk/sdk/2.1.0/src/rp2_common/hardware_timer/timer.c.o
                0x10001494                busy_wait_until
 .text.uart_init
                0x100014b4      0x120 CMakeFiles/MatrizDeLeds.dir/home/reinanlinux/.pico-sdk/sdk/2.1.0/src/rp2_common/hardware_uart/uart.c.o
                0x100014b4                uart_init
 .text.clock_configure_int_divider
                0x100015d4       0xf4 CMakeFiles/MatrizDeLeds.dir/home/reinanlinux/.pico-sdk/sdk/2.1.0/src/rp2_common/hardware_clocks/clocks.c.o
                0x100015d4                clock_configure_int_divider
 .text.clock_configure_undivided
                0x100016c8       0xe8 CMakeFiles/MatrizDeLeds.dir/home/reinanlinux/.pico-sdk/sdk/2.1.0/src/rp2_common/hardware_clocks/clocks.c.o
                0x100016c8                clock_configure_undivided
 .text.clock_get_hz
                0x100017b0        0xc CMakeFiles/MatrizDeLeds.dir/home/reinanlinux/.pico-sdk/sdk/2.1.0/src/rp2_common/hardware_clocks/clocks.c.o
                0x100017b0                clock_get_hz
 .text.pll_init
                0x100017bc       0xa4 CMakeFiles/MatrizDeLeds.dir/home/reinanlinux/.pico-sdk/sdk/2.1.0/src/rp2_common/hardware_pll/pll.c.o
                0x100017bc                pll_init
 .text.watchdog_reboot
                0x10001860       0x9c CMakeFiles/MatrizDeLeds.dir/home/reinanlinux/.pico-sdk/sdk/2.1.0/src/rp2_common/hardware_watchdog/watchdog.c.o
                0x10001860                watchdog_reboot
 .text.tick_start
                0x100018fc       0x10 CMakeFiles/MatrizDeLeds.dir/home/reinanlinux/.pico-sdk/sdk/2.1.0/src/rp2_common/hardware_ticks/ticks.c.o
                0x100018fc                tick_start
 .text.rom_func_lookup
                0x1000190c       0x10 CMakeFiles/MatrizDeLeds.dir/home/reinanlinux/.pico-sdk/sdk/2.1.0/src/rp2_common/pico_bootrom/bootrom.c.o
                0x1000190c                rom_func_lookup
 .text.rom_data_lookup
                0x1000191c       0x10 CMakeFiles/MatrizDeLeds.dir/home/reinanlinux/.pico-sdk/sdk/2.1.0/src/rp2_common/pico_bootrom/bootrom.c.o
                0x1000191c                rom_data_lookup
 .text.rom_funcs_lookup
                0x1000192c       0x44 CMakeFiles/MatrizDeLeds.dir/home/reinanlinux/.pico-sdk/sdk/2.1.0/src/rp2_common/pico_bootrom/bootrom.c.o
                0x1000192c                rom_funcs_lookup
 .text.rom_reset_usb_boot_extra
                0x10001970       0x28 CMakeFiles/MatrizDeLeds.dir/home/reinanlinux/.pico-sdk/sdk/2.1.0/src/rp2_common/pico_bootrom/bootrom.c.o
                0x10001970                rom_reset_usb_boot_extra
 .text.xosc_init
                0x10001998       0x28 CMakeFiles/MatrizDeLeds.dir/home/reinanlinux/.pico-sdk/sdk/2.1.0/src/rp2_common/hardware_xosc/xosc.c.o
                0x10001998                xosc_init
 .text.first_per_core_initializer
                0x100019c0        0x4 CMakeFiles/MatrizDeLeds.dir/home/reinanlinux/.pico-sdk/sdk/2.1.0/src/rp2_common/pico_runtime/runtime.c.o
 .text.hard_assertion_failure
                0x100019c4        0xc CMakeFiles/MatrizDeLeds.dir/home/reinanlinux/.pico-sdk/sdk/2.1.0/src/rp2_common/pico_runtime/runtime.c.o
                0x100019c4                hard_assertion_failure
 .text.runtime_run_initializers
                0x100019d0       0x28 CMakeFiles/MatrizDeLeds.dir/home/reinanlinux/.pico-sdk/sdk/2.1.0/src/rp2_common/pico_runtime/runtime.c.o
                0x100019d0                runtime_run_initializers
 .text.runtime_init_early_resets
                0x100019f8       0x2c CMakeFiles/MatrizDeLeds.dir/home/reinanlinux/.pico-sdk/sdk/2.1.0/src/rp2_common/pico_runtime_init/runtime_init.c.o
                0x100019f8                runtime_init_early_resets
 .text.runtime_init_usb_power_down
                0x10001a24       0x1c CMakeFiles/MatrizDeLeds.dir/home/reinanlinux/.pico-sdk/sdk/2.1.0/src/rp2_common/pico_runtime_init/runtime_init.c.o
                0x10001a24                runtime_init_usb_power_down
 .text.runtime_init_post_clock_resets
                0x10001a40       0x20 CMakeFiles/MatrizDeLeds.dir/home/reinanlinux/.pico-sdk/sdk/2.1.0/src/rp2_common/pico_runtime_init/runtime_init.c.o
                0x10001a40                runtime_init_post_clock_resets
 .text.runtime_init_rp2040_gpio_ie_disable
                0x10001a60       0x14 CMakeFiles/MatrizDeLeds.dir/home/reinanlinux/.pico-sdk/sdk/2.1.0/src/rp2_common/pico_runtime_init/runtime_init.c.o
                0x10001a60                runtime_init_rp2040_gpio_ie_disable
 .text.runtime_init_spin_locks_reset
                0x10001a74        0x8 CMakeFiles/MatrizDeLeds.dir/home/reinanlinux/.pico-sdk/sdk/2.1.0/src/rp2_common/pico_runtime_init/runtime_init.c.o
                0x10001a74                runtime_init_spin_locks_reset
 .text.runtime_init_install_ram_vector_table
                0x10001a7c       0x1c CMakeFiles/MatrizDeLeds.dir/home/reinanlinux/.pico-sdk/sdk/2.1.0/src/rp2_common/pico_runtime_init/runtime_init.c.o
                0x10001a7c                runtime_init_install_ram_vector_table
 .text.runtime_init_clocks
                0x10001a98       0xd8 CMakeFiles/MatrizDeLeds.dir/home/reinanlinux/.pico-sdk/sdk/2.1.0/src/rp2_common/pico_runtime_init/runtime_init_clocks.c.o
                0x10001a98                runtime_init_clocks
 .text          0x10001b70       0x10 CMakeFiles/MatrizDeLeds.dir/home/reinanlinux/.pico-sdk/sdk/2.1.0/src/rp2_common/pico_bit_ops/bit_ops_aeabi.S.o
 .text.__wrap___aeabi_uidiv
                0x10001b80       0x4c CMakeFiles/MatrizDeLeds.dir/home/reinanlinux/.pico-sdk/sdk/2.1.0/src/rp2_common/pico_divider/divider_hardware.S.o
                0x10001b80                __wrap___aeabi_uidiv
                0x10001b80                __wrap___aeabi_uidivmod
                0x10001b80                div_u32u32
                0x10001b80                divmod_u32u32
                0x10001b88                divmod_u32u32_unsafe
                0x10001bb0                divmod_u32u32_savestate
 .text.missing_double_func_shim
                0x10001bcc        0xc CMakeFiles/MatrizDeLeds.dir/home/reinanlinux/.pico-sdk/sdk/2.1.0/src/rp2_common/pico_double/double_init_rom_rp2040.c.o
 .text.__aeabi_double_init
                0x10001bd8       0xa0 CMakeFiles/MatrizDeLeds.dir/home/reinanlinux/.pico-sdk/sdk/2.1.0/src/rp2_common/pico_double/double_init_rom_rp2040.c.o
                0x10001bd8                __aeabi_double_init
 .text.double_table_shim_on_use_helper
                0x10001c78       0x2c CMakeFiles/MatrizDeLeds.dir/home/reinanlinux/.pico-sdk/sdk/2.1.0/src/rp2_common/pico_double/double_v1_rom_shim_rp2040.S.o
                0x10001c78                double_table_shim_on_use_helper
 .text.__aeabi_lmul
                0x10001ca4       0x32 CMakeFiles/MatrizDeLeds.dir/home/reinanlinux/.pico-sdk/sdk/2.1.0/src/rp2_common/pico_int64_ops/pico_int64_ops_aeabi.S.o
                0x10001ca4                __wrap___aeabi_lmul
 *fill*         0x10001cd6        0x2 
 .text.__wrap___aeabi_farithmetic
                0x10001cd8       0x48 CMakeFiles/MatrizDeLeds.dir/home/reinanlinux/.pico-sdk/sdk/2.1.0/src/rp2_common/pico_float/float_aeabi_rp2040.S.o
                0x10001cd8                __wrap___aeabi_frsub
                0x10001cde                __wrap___aeabi_fsub
                0x10001ce4                __wrap___aeabi_fadd
                0x10001cea                __wrap___aeabi_fdiv
                0x10001d12                __wrap___aeabi_fmul
 .text.__wrap___aeabi_ui2f
                0x10001d20        0xa CMakeFiles/MatrizDeLeds.dir/home/reinanlinux/.pico-sdk/sdk/2.1.0/src/rp2_common/pico_float/float_aeabi_rp2040.S.o
                0x10001d20                uint2float
                0x10001d20                __wrap___aeabi_ui2f
 *fill*         0x10001d2a        0x2 
 .text.__wrap___aeabi_i2f
                0x10001d2c       0x44 CMakeFiles/MatrizDeLeds.dir/home/reinanlinux/.pico-sdk/sdk/2.1.0/src/rp2_common/pico_float/float_aeabi_rp2040.S.o
                0x10001d2c                int2float
                0x10001d2c                __wrap___aeabi_i2f
 .text.__wrap___aeabi_f2uiz
                0x10001d70        0xc CMakeFiles/MatrizDeLeds.dir/home/reinanlinux/.pico-sdk/sdk/2.1.0/src/rp2_common/pico_float/float_aeabi_rp2040.S.o
                0x10001d70                float2uint_z
                0x10001d70                __wrap___aeabi_f2uiz
 .text.missing_float_func_shim
                0x10001d7c        0xc CMakeFiles/MatrizDeLeds.dir/home/reinanlinux/.pico-sdk/sdk/2.1.0/src/rp2_common/pico_float/float_init_rom_rp2040.c.o
 .text.__aeabi_float_init
                0x10001d88       0x5c CMakeFiles/MatrizDeLeds.dir/home/reinanlinux/.pico-sdk/sdk/2.1.0/src/rp2_common/pico_float/float_init_rom_rp2040.c.o
                0x10001d88                __aeabi_float_init
 .text          0x10001de4       0x10 CMakeFiles/MatrizDeLeds.dir/home/reinanlinux/.pico-sdk/sdk/2.1.0/src/rp2_common/pico_mem_ops/mem_ops_aeabi.S.o
                0x10001de4                __aeabi_mem_init
 .text.memset   0x10001df4        0xc CMakeFiles/MatrizDeLeds.dir/home/reinanlinux/.pico-sdk/sdk/2.1.0/src/rp2_common/pico_mem_ops/mem_ops_aeabi.S.o
                0x10001df4                __wrap_memset
 .text.memcpy   0x10001e00        0xc CMakeFiles/MatrizDeLeds.dir/home/reinanlinux/.pico-sdk/sdk/2.1.0/src/rp2_common/pico_mem_ops/mem_ops_aeabi.S.o
                0x10001e00                __wrap___aeabi_memcpy
                0x10001e00                __wrap_memcpy
 .text._out_char
                0x10001e0c       0x10 CMakeFiles/MatrizDeLeds.dir/home/reinanlinux/.pico-sdk/sdk/2.1.0/src/rp2_common/pico_printf/printf.c.o
 .text.weak_raw_vprintf
                0x10001e1c       0x30 CMakeFiles/MatrizDeLeds.dir/home/reinanlinux/.pico-sdk/sdk/2.1.0/src/rp2_common/pico_printf/printf.c.o
                0x10001e1c                weak_raw_vprintf
 .text._exit    0x10001e4c        0x4 CMakeFiles/MatrizDeLeds.dir/home/reinanlinux/.pico-sdk/sdk/2.1.0/src/rp2_common/pico_clib_interface/newlib_interface.c.o
                0x10001e4c                _exit
 .text.exit     0x10001e50        0x8 CMakeFiles/MatrizDeLeds.dir/home/reinanlinux/.pico-sdk/sdk/2.1.0/src/rp2_common/pico_clib_interface/newlib_interface.c.o
                0x10001e50                exit
 .text.runtime_init
                0x10001e58       0x2c CMakeFiles/MatrizDeLeds.dir/home/reinanlinux/.pico-sdk/sdk/2.1.0/src/rp2_common/pico_clib_interface/newlib_interface.c.o
                0x10001e58                runtime_init
 .text.stdio_out_chars_no_crlf
                0x10001e84       0x10 CMakeFiles/MatrizDeLeds.dir/home/reinanlinux/.pico-sdk/sdk/2.1.0/src/rp2_common/pico_stdio/stdio.c.o
 .text.stdio_out_chars_crlf
                0x10001e94       0x94 CMakeFiles/MatrizDeLeds.dir/home/reinanlinux/.pico-sdk/sdk/2.1.0/src/rp2_common/pico_stdio/stdio.c.o
 .text.stdio_put_string
                0x10001f28      0x100 CMakeFiles/MatrizDeLeds.dir/home/reinanlinux/.pico-sdk/sdk/2.1.0/src/rp2_common/pico_stdio/stdio.c.o
                0x10001f28                stdio_put_string
 .text.stdio_set_driver_enabled
                0x10002028       0x30 CMakeFiles/MatrizDeLeds.dir/home/reinanlinux/.pico-sdk/sdk/2.1.0/src/rp2_common/pico_stdio/stdio.c.o
                0x10002028                stdio_set_driver_enabled
 .text.stdio_init_all
                0x10002058       0x10 CMakeFiles/MatrizDeLeds.dir/home/reinanlinux/.pico-sdk/sdk/2.1.0/src/rp2_common/pico_stdio/stdio.c.o
                0x10002058                stdio_init_all
 .text.__wrap_putchar
                0x10002068       0x98 CMakeFiles/MatrizDeLeds.dir/home/reinanlinux/.pico-sdk/sdk/2.1.0/src/rp2_common/pico_stdio/stdio.c.o
                0x10002068                stdio_putchar
                0x10002068                __wrap_putchar
 .text.__wrap_puts
                0x10002100       0x3c CMakeFiles/MatrizDeLeds.dir/home/reinanlinux/.pico-sdk/sdk/2.1.0/src/rp2_common/pico_stdio/stdio.c.o
                0x10002100                __wrap_puts
                0x10002100                stdio_puts
 .text.stdio_uart_out_chars
                0x1000213c       0x4c CMakeFiles/MatrizDeLeds.dir/home/reinanlinux/.pico-sdk/sdk/2.1.0/src/rp2_common/pico_stdio_uart/stdio_uart.c.o
 .text.stdio_uart_in_chars
                0x10002188       0x90 CMakeFiles/MatrizDeLeds.dir/home/reinanlinux/.pico-sdk/sdk/2.1.0/src/rp2_common/pico_stdio_uart/stdio_uart.c.o
                0x10002188                stdio_uart_in_chars
 .text.on_uart_rx
                0x10002218       0x28 CMakeFiles/MatrizDeLeds.dir/home/reinanlinux/.pico-sdk/sdk/2.1.0/src/rp2_common/pico_stdio_uart/stdio_uart.c.o
 .text.stdio_uart_out_flush
                0x10002240       0x14 CMakeFiles/MatrizDeLeds.dir/home/reinanlinux/.pico-sdk/sdk/2.1.0/src/rp2_common/pico_stdio_uart/stdio_uart.c.o
 .text.stdio_uart_set_chars_available_callback
                0x10002254       0x84 CMakeFiles/MatrizDeLeds.dir/home/reinanlinux/.pico-sdk/sdk/2.1.0/src/rp2_common/pico_stdio_uart/stdio_uart.c.o
 .text.stdio_uart_init
                0x100022d8       0x50 CMakeFiles/MatrizDeLeds.dir/home/reinanlinux/.pico-sdk/sdk/2.1.0/src/rp2_common/pico_stdio_uart/stdio_uart.c.o
                0x100022d8                stdio_uart_init
 .text.resetd_init
                0x10002328        0x4 CMakeFiles/MatrizDeLeds.dir/home/reinanlinux/.pico-sdk/sdk/2.1.0/src/rp2_common/pico_stdio_usb/reset_interface.c.o
 .text.resetd_reset
                0x1000232c        0xc CMakeFiles/MatrizDeLeds.dir/home/reinanlinux/.pico-sdk/sdk/2.1.0/src/rp2_common/pico_stdio_usb/reset_interface.c.o
 .text.resetd_open
                0x10002338       0x28 CMakeFiles/MatrizDeLeds.dir/home/reinanlinux/.pico-sdk/sdk/2.1.0/src/rp2_common/pico_stdio_usb/reset_interface.c.o
 .text.resetd_xfer_cb
                0x10002360        0x4 CMakeFiles/MatrizDeLeds.dir/home/reinanlinux/.pico-sdk/sdk/2.1.0/src/rp2_common/pico_stdio_usb/reset_interface.c.o
 .text.resetd_control_xfer_cb
                0x10002364       0x5c CMakeFiles/MatrizDeLeds.dir/home/reinanlinux/.pico-sdk/sdk/2.1.0/src/rp2_common/pico_stdio_usb/reset_interface.c.o
 .text.tud_descriptor_bos_cb
                0x100023c0        0x8 CMakeFiles/MatrizDeLeds.dir/home/reinanlinux/.pico-sdk/sdk/2.1.0/src/rp2_common/pico_stdio_usb/reset_interface.c.o
                0x100023c0                tud_descriptor_bos_cb
 .text.tud_vendor_control_xfer_cb
                0x100023c8       0x34 CMakeFiles/MatrizDeLeds.dir/home/reinanlinux/.pico-sdk/sdk/2.1.0/src/rp2_common/pico_stdio_usb/reset_interface.c.o
                0x100023c8                tud_vendor_control_xfer_cb
 .text.usbd_app_driver_get_cb
                0x100023fc        0xc CMakeFiles/MatrizDeLeds.dir/home/reinanlinux/.pico-sdk/sdk/2.1.0/src/rp2_common/pico_stdio_usb/reset_interface.c.o
                0x100023fc                usbd_app_driver_get_cb
 .text.tud_cdc_line_coding_cb
                0x10002408       0x2c CMakeFiles/MatrizDeLeds.dir/home/reinanlinux/.pico-sdk/sdk/2.1.0/src/rp2_common/pico_stdio_usb/reset_interface.c.o
                0x10002408                tud_cdc_line_coding_cb
 .text.stdio_usb_set_chars_available_callback
                0x10002434       0x14 CMakeFiles/MatrizDeLeds.dir/home/reinanlinux/.pico-sdk/sdk/2.1.0/src/rp2_common/pico_stdio_usb/stdio_usb.c.o
                0x10002434                stdio_usb_set_chars_available_callback
 .text.usb_irq  0x10002448       0x10 CMakeFiles/MatrizDeLeds.dir/home/reinanlinux/.pico-sdk/sdk/2.1.0/src/rp2_common/pico_stdio_usb/stdio_usb.c.o
 .text.timer_task
                0x10002458       0x64 CMakeFiles/MatrizDeLeds.dir/home/reinanlinux/.pico-sdk/sdk/2.1.0/src/rp2_common/pico_stdio_usb/stdio_usb.c.o
 .text.stdio_usb_in_chars
                0x100024bc       0x90 CMakeFiles/MatrizDeLeds.dir/home/reinanlinux/.pico-sdk/sdk/2.1.0/src/rp2_common/pico_stdio_usb/stdio_usb.c.o
                0x100024bc                stdio_usb_in_chars
 .text.stdio_usb_out_flush
                0x1000254c       0x50 CMakeFiles/MatrizDeLeds.dir/home/reinanlinux/.pico-sdk/sdk/2.1.0/src/rp2_common/pico_stdio_usb/stdio_usb.c.o
 .text.stdio_usb_out_chars
                0x1000259c      0x104 CMakeFiles/MatrizDeLeds.dir/home/reinanlinux/.pico-sdk/sdk/2.1.0/src/rp2_common/pico_stdio_usb/stdio_usb.c.o
 .text.low_priority_worker_irq
                0x100026a0       0xcc CMakeFiles/MatrizDeLeds.dir/home/reinanlinux/.pico-sdk/sdk/2.1.0/src/rp2_common/pico_stdio_usb/stdio_usb.c.o
 .text.stdio_usb_init
                0x1000276c       0xe8 CMakeFiles/MatrizDeLeds.dir/home/reinanlinux/.pico-sdk/sdk/2.1.0/src/rp2_common/pico_stdio_usb/stdio_usb.c.o
                0x1000276c                stdio_usb_init
 .text.tud_descriptor_device_cb
                0x10002854        0x8 CMakeFiles/MatrizDeLeds.dir/home/reinanlinux/.pico-sdk/sdk/2.1.0/src/rp2_common/pico_stdio_usb/stdio_usb_descriptors.c.o
                0x10002854                tud_descriptor_device_cb
 .text.tud_descriptor_configuration_cb
                0x1000285c        0x8 CMakeFiles/MatrizDeLeds.dir/home/reinanlinux/.pico-sdk/sdk/2.1.0/src/rp2_common/pico_stdio_usb/stdio_usb_descriptors.c.o
                0x1000285c                tud_descriptor_configuration_cb
 .text.tud_descriptor_string_cb
                0x10002864       0x78 CMakeFiles/MatrizDeLeds.dir/home/reinanlinux/.pico-sdk/sdk/2.1.0/src/rp2_common/pico_stdio_usb/stdio_usb_descriptors.c.o
                0x10002864                tud_descriptor_string_cb
 .text.startup._retrieve_unique_id_on_boot
                0x100028dc       0x10 CMakeFiles/MatrizDeLeds.dir/home/reinanlinux/.pico-sdk/sdk/2.1.0/src/rp2_common/pico_unique_id/unique_id.c.o
 .text.pico_get_unique_board_id_string
                0x100028ec      0x1a8 CMakeFiles/MatrizDeLeds.dir/home/reinanlinux/.pico-sdk/sdk/2.1.0/src/rp2_common/pico_unique_id/unique_id.c.o
                0x100028ec                pico_get_unique_board_id_string
 .text.flash_get_unique_id
                0x10002a94       0x3c CMakeFiles/MatrizDeLeds.dir/home/reinanlinux/.pico-sdk/sdk/2.1.0/src/rp2_common/hardware_flash/flash.c.o
                0x10002a94                flash_get_unique_id
 .text.dcd_init
                0x10002ad0       0x8c CMakeFiles/MatrizDeLeds.dir/home/reinanlinux/.pico-sdk/sdk/2.1.0/lib/tinyusb/src/portable/raspberrypi/rp2040/dcd_rp2040.c.o
                0x10002ad0                dcd_init
 .text.dcd_int_enable
                0x10002b5c        0xc CMakeFiles/MatrizDeLeds.dir/home/reinanlinux/.pico-sdk/sdk/2.1.0/lib/tinyusb/src/portable/raspberrypi/rp2040/dcd_rp2040.c.o
                0x10002b5c                dcd_int_enable
 .text.dcd_set_address
                0x10002b68       0x14 CMakeFiles/MatrizDeLeds.dir/home/reinanlinux/.pico-sdk/sdk/2.1.0/lib/tinyusb/src/portable/raspberrypi/rp2040/dcd_rp2040.c.o
                0x10002b68                dcd_set_address
 .text.dcd_sof_enable
                0x10002b7c       0x1c CMakeFiles/MatrizDeLeds.dir/home/reinanlinux/.pico-sdk/sdk/2.1.0/lib/tinyusb/src/portable/raspberrypi/rp2040/dcd_rp2040.c.o
                0x10002b7c                dcd_sof_enable
 .text.dcd_edpt0_status_complete
                0x10002b98       0x1c CMakeFiles/MatrizDeLeds.dir/home/reinanlinux/.pico-sdk/sdk/2.1.0/lib/tinyusb/src/portable/raspberrypi/rp2040/dcd_rp2040.c.o
                0x10002b98                dcd_edpt0_status_complete
 .text.dcd_edpt_open
                0x10002bb4      0x108 CMakeFiles/MatrizDeLeds.dir/home/reinanlinux/.pico-sdk/sdk/2.1.0/lib/tinyusb/src/portable/raspberrypi/rp2040/dcd_rp2040.c.o
                0x10002bb4                dcd_edpt_open
 .text.dcd_edpt_close_all
                0x10002cbc        0x8 CMakeFiles/MatrizDeLeds.dir/home/reinanlinux/.pico-sdk/sdk/2.1.0/lib/tinyusb/src/portable/raspberrypi/rp2040/dcd_rp2040.c.o
                0x10002cbc                dcd_edpt_close_all
 .text.dcd_edpt_xfer
                0x10002cc4       0x24 CMakeFiles/MatrizDeLeds.dir/home/reinanlinux/.pico-sdk/sdk/2.1.0/lib/tinyusb/src/portable/raspberrypi/rp2040/dcd_rp2040.c.o
                0x10002cc4                dcd_edpt_xfer
 .text.dcd_edpt_stall
                0x10002ce8       0x34 CMakeFiles/MatrizDeLeds.dir/home/reinanlinux/.pico-sdk/sdk/2.1.0/lib/tinyusb/src/portable/raspberrypi/rp2040/dcd_rp2040.c.o
                0x10002ce8                dcd_edpt_stall
 .text.dcd_edpt_clear_stall
                0x10002d1c       0x30 CMakeFiles/MatrizDeLeds.dir/home/reinanlinux/.pico-sdk/sdk/2.1.0/lib/tinyusb/src/portable/raspberrypi/rp2040/dcd_rp2040.c.o
                0x10002d1c                dcd_edpt_clear_stall
 .text.rp2040_usb_init
                0x10002d4c       0x40 CMakeFiles/MatrizDeLeds.dir/home/reinanlinux/.pico-sdk/sdk/2.1.0/lib/tinyusb/src/portable/raspberrypi/rp2040/rp2040_usb.c.o
                0x10002d4c                rp2040_usb_init
 .text.hw_endpoint_xfer_start
                0x10002d8c       0x40 CMakeFiles/MatrizDeLeds.dir/home/reinanlinux/.pico-sdk/sdk/2.1.0/lib/tinyusb/src/portable/raspberrypi/rp2040/rp2040_usb.c.o
                0x10002d8c                hw_endpoint_xfer_start
 .text.tud_event_hook_cb
                0x10002dcc        0x4 CMakeFiles/MatrizDeLeds.dir/home/reinanlinux/.pico-sdk/sdk/2.1.0/lib/tinyusb/src/device/usbd.c.o
                0x10002dcc                tud_event_hook_cb
 .text.tud_sof_cb
                0x10002dd0        0x4 CMakeFiles/MatrizDeLeds.dir/home/reinanlinux/.pico-sdk/sdk/2.1.0/lib/tinyusb/src/device/usbd.c.o
                0x10002dd0                tud_sof_cb
 .text.tud_descriptor_device_qualifier_cb
                0x10002dd4        0x4 CMakeFiles/MatrizDeLeds.dir/home/reinanlinux/.pico-sdk/sdk/2.1.0/lib/tinyusb/src/device/usbd.c.o
                0x10002dd4                tud_descriptor_device_qualifier_cb
 .text.tud_descriptor_other_speed_configuration_cb
                0x10002dd8        0x4 CMakeFiles/MatrizDeLeds.dir/home/reinanlinux/.pico-sdk/sdk/2.1.0/lib/tinyusb/src/device/usbd.c.o
                0x10002dd8                tud_descriptor_other_speed_configuration_cb
 .text.tud_mount_cb
                0x10002ddc        0x4 CMakeFiles/MatrizDeLeds.dir/home/reinanlinux/.pico-sdk/sdk/2.1.0/lib/tinyusb/src/device/usbd.c.o
                0x10002ddc                tud_mount_cb
 .text.tud_umount_cb
                0x10002de0        0x4 CMakeFiles/MatrizDeLeds.dir/home/reinanlinux/.pico-sdk/sdk/2.1.0/lib/tinyusb/src/device/usbd.c.o
                0x10002de0                tud_umount_cb
 .text.tud_suspend_cb
                0x10002de4        0x4 CMakeFiles/MatrizDeLeds.dir/home/reinanlinux/.pico-sdk/sdk/2.1.0/lib/tinyusb/src/device/usbd.c.o
                0x10002de4                tud_suspend_cb
 .text.tud_resume_cb
                0x10002de8        0x4 CMakeFiles/MatrizDeLeds.dir/home/reinanlinux/.pico-sdk/sdk/2.1.0/lib/tinyusb/src/device/usbd.c.o
                0x10002de8                tud_resume_cb
 .text.tud_mounted
                0x10002dec       0x10 CMakeFiles/MatrizDeLeds.dir/home/reinanlinux/.pico-sdk/sdk/2.1.0/lib/tinyusb/src/device/usbd.c.o
                0x10002dec                tud_mounted
 .text.tud_suspended
                0x10002dfc       0x10 CMakeFiles/MatrizDeLeds.dir/home/reinanlinux/.pico-sdk/sdk/2.1.0/lib/tinyusb/src/device/usbd.c.o
                0x10002dfc                tud_suspended
 .text.tud_init
                0x10002e0c       0xe4 CMakeFiles/MatrizDeLeds.dir/home/reinanlinux/.pico-sdk/sdk/2.1.0/lib/tinyusb/src/device/usbd.c.o
                0x10002e0c                tud_init
 .text.tud_task_ext
                0x10002ef0      0x800 CMakeFiles/MatrizDeLeds.dir/home/reinanlinux/.pico-sdk/sdk/2.1.0/lib/tinyusb/src/device/usbd.c.o
                0x10002ef0                tud_task_ext
 .text.usbd_open_edpt_pair
                0x100036f0       0x9c CMakeFiles/MatrizDeLeds.dir/home/reinanlinux/.pico-sdk/sdk/2.1.0/lib/tinyusb/src/device/usbd.c.o
                0x100036f0                usbd_open_edpt_pair
 .text.usbd_edpt_open
                0x1000378c       0x34 CMakeFiles/MatrizDeLeds.dir/home/reinanlinux/.pico-sdk/sdk/2.1.0/lib/tinyusb/src/device/usbd.c.o
                0x1000378c                usbd_edpt_open
 .text.usbd_edpt_claim
                0x100037c0       0x28 CMakeFiles/MatrizDeLeds.dir/home/reinanlinux/.pico-sdk/sdk/2.1.0/lib/tinyusb/src/device/usbd.c.o
                0x100037c0                usbd_edpt_claim
 .text.usbd_edpt_release
                0x100037e8       0x28 CMakeFiles/MatrizDeLeds.dir/home/reinanlinux/.pico-sdk/sdk/2.1.0/lib/tinyusb/src/device/usbd.c.o
                0x100037e8                usbd_edpt_release
 .text.usbd_edpt_xfer
                0x10003810       0x4c CMakeFiles/MatrizDeLeds.dir/home/reinanlinux/.pico-sdk/sdk/2.1.0/lib/tinyusb/src/device/usbd.c.o
                0x10003810                usbd_edpt_xfer
 .text.tud_control_status
                0x1000385c       0x2c CMakeFiles/MatrizDeLeds.dir/home/reinanlinux/.pico-sdk/sdk/2.1.0/lib/tinyusb/src/device/usbd_control.c.o
                0x1000385c                tud_control_status
 .text.tud_control_xfer
                0x10003888       0xac CMakeFiles/MatrizDeLeds.dir/home/reinanlinux/.pico-sdk/sdk/2.1.0/lib/tinyusb/src/device/usbd_control.c.o
                0x10003888                tud_control_xfer
 .text.usbd_control_reset
                0x10003934       0x14 CMakeFiles/MatrizDeLeds.dir/home/reinanlinux/.pico-sdk/sdk/2.1.0/lib/tinyusb/src/device/usbd_control.c.o
                0x10003934                usbd_control_reset
 .text.usbd_control_set_complete_callback
                0x10003948        0xc CMakeFiles/MatrizDeLeds.dir/home/reinanlinux/.pico-sdk/sdk/2.1.0/lib/tinyusb/src/device/usbd_control.c.o
                0x10003948                usbd_control_set_complete_callback
 .text.usbd_control_set_request
                0x10003954       0x1c CMakeFiles/MatrizDeLeds.dir/home/reinanlinux/.pico-sdk/sdk/2.1.0/lib/tinyusb/src/device/usbd_control.c.o
                0x10003954                usbd_control_set_request
 .text.usbd_control_xfer_cb
                0x10003970       0xec CMakeFiles/MatrizDeLeds.dir/home/reinanlinux/.pico-sdk/sdk/2.1.0/lib/tinyusb/src/device/usbd_control.c.o
                0x10003970                usbd_control_xfer_cb
 .text._prep_out_transaction.isra.0
                0x10003a5c       0x5c CMakeFiles/MatrizDeLeds.dir/home/reinanlinux/.pico-sdk/sdk/2.1.0/lib/tinyusb/src/class/cdc/cdc_device.c.o
 .text.tud_cdc_n_connected
                0x10003ab8       0x30 CMakeFiles/MatrizDeLeds.dir/home/reinanlinux/.pico-sdk/sdk/2.1.0/lib/tinyusb/src/class/cdc/cdc_device.c.o
                0x10003ab8                tud_cdc_n_connected
 .text.tud_cdc_n_available
                0x10003ae8       0x18 CMakeFiles/MatrizDeLeds.dir/home/reinanlinux/.pico-sdk/sdk/2.1.0/lib/tinyusb/src/class/cdc/cdc_device.c.o
                0x10003ae8                tud_cdc_n_available
 .text.tud_cdc_n_read
                0x10003b00       0x98 CMakeFiles/MatrizDeLeds.dir/home/reinanlinux/.pico-sdk/sdk/2.1.0/lib/tinyusb/src/class/cdc/cdc_device.c.o
                0x10003b00                tud_cdc_n_read
 .text.tud_cdc_n_write_flush
                0x10003b98       0x78 CMakeFiles/MatrizDeLeds.dir/home/reinanlinux/.pico-sdk/sdk/2.1.0/lib/tinyusb/src/class/cdc/cdc_device.c.o
                0x10003b98                tud_cdc_n_write_flush
 .text.tud_cdc_n_write
                0x10003c10       0x40 CMakeFiles/MatrizDeLeds.dir/home/reinanlinux/.pico-sdk/sdk/2.1.0/lib/tinyusb/src/class/cdc/cdc_device.c.o
                0x10003c10                tud_cdc_n_write
 .text.tud_cdc_n_write_available
                0x10003c50       0x18 CMakeFiles/MatrizDeLeds.dir/home/reinanlinux/.pico-sdk/sdk/2.1.0/lib/tinyusb/src/class/cdc/cdc_device.c.o
                0x10003c50                tud_cdc_n_write_available
 .text.cdcd_init
                0x10003c68       0x7c CMakeFiles/MatrizDeLeds.dir/home/reinanlinux/.pico-sdk/sdk/2.1.0/lib/tinyusb/src/class/cdc/cdc_device.c.o
                0x10003c68                cdcd_init
 .text.cdcd_deinit
                0x10003ce4       0x34 CMakeFiles/MatrizDeLeds.dir/home/reinanlinux/.pico-sdk/sdk/2.1.0/lib/tinyusb/src/class/cdc/cdc_device.c.o
                0x10003ce4                cdcd_deinit
 .text.cdcd_reset
                0x10003d18       0x4c CMakeFiles/MatrizDeLeds.dir/home/reinanlinux/.pico-sdk/sdk/2.1.0/lib/tinyusb/src/class/cdc/cdc_device.c.o
                0x10003d18                cdcd_reset
 .text.cdcd_open
                0x10003d64       0xb0 CMakeFiles/MatrizDeLeds.dir/home/reinanlinux/.pico-sdk/sdk/2.1.0/lib/tinyusb/src/class/cdc/cdc_device.c.o
                0x10003d64                cdcd_open
 .text.cdcd_control_xfer_cb
                0x10003e14       0xe4 CMakeFiles/MatrizDeLeds.dir/home/reinanlinux/.pico-sdk/sdk/2.1.0/lib/tinyusb/src/class/cdc/cdc_device.c.o
                0x10003e14                cdcd_control_xfer_cb
 .text.cdcd_xfer_cb
                0x10003ef8      0x100 CMakeFiles/MatrizDeLeds.dir/home/reinanlinux/.pico-sdk/sdk/2.1.0/lib/tinyusb/src/class/cdc/cdc_device.c.o
                0x10003ef8                cdcd_xfer_cb
 .text.vendord_init
                0x10003ff8       0x5c CMakeFiles/MatrizDeLeds.dir/home/reinanlinux/.pico-sdk/sdk/2.1.0/lib/tinyusb/src/class/vendor/vendor_device.c.o
                0x10003ff8                vendord_init
 .text.vendord_deinit
                0x10004054       0x1c CMakeFiles/MatrizDeLeds.dir/home/reinanlinux/.pico-sdk/sdk/2.1.0/lib/tinyusb/src/class/vendor/vendor_device.c.o
                0x10004054                vendord_deinit
 .text.vendord_reset
                0x10004070       0x20 CMakeFiles/MatrizDeLeds.dir/home/reinanlinux/.pico-sdk/sdk/2.1.0/lib/tinyusb/src/class/vendor/vendor_device.c.o
                0x10004070                vendord_reset
 .text.vendord_open
                0x10004090      0x138 CMakeFiles/MatrizDeLeds.dir/home/reinanlinux/.pico-sdk/sdk/2.1.0/lib/tinyusb/src/class/vendor/vendor_device.c.o
                0x10004090                vendord_open
 .text.vendord_xfer_cb
                0x100041c8       0x9c CMakeFiles/MatrizDeLeds.dir/home/reinanlinux/.pico-sdk/sdk/2.1.0/lib/tinyusb/src/class/vendor/vendor_device.c.o
                0x100041c8                vendord_xfer_cb
 .text.tusb_init
                0x10004264        0xc CMakeFiles/MatrizDeLeds.dir/home/reinanlinux/.pico-sdk/sdk/2.1.0/lib/tinyusb/src/tusb.c.o
                0x10004264                tusb_init
 .text.tu_edpt_claim
                0x10004270       0x50 CMakeFiles/MatrizDeLeds.dir/home/reinanlinux/.pico-sdk/sdk/2.1.0/lib/tinyusb/src/tusb.c.o
                0x10004270                tu_edpt_claim
 .text.tu_edpt_release
                0x100042c0       0x38 CMakeFiles/MatrizDeLeds.dir/home/reinanlinux/.pico-sdk/sdk/2.1.0/lib/tinyusb/src/tusb.c.o
                0x100042c0                tu_edpt_release
 .text.tu_edpt_validate
                0x100042f8       0x7c CMakeFiles/MatrizDeLeds.dir/home/reinanlinux/.pico-sdk/sdk/2.1.0/lib/tinyusb/src/tusb.c.o
                0x100042f8                tu_edpt_validate
 .text.tu_edpt_bind_driver
                0x10004374       0x34 CMakeFiles/MatrizDeLeds.dir/home/reinanlinux/.pico-sdk/sdk/2.1.0/lib/tinyusb/src/tusb.c.o
                0x10004374                tu_edpt_bind_driver
 .text.tu_edpt_stream_init
                0x100043a8       0x6c CMakeFiles/MatrizDeLeds.dir/home/reinanlinux/.pico-sdk/sdk/2.1.0/lib/tinyusb/src/tusb.c.o
                0x100043a8                tu_edpt_stream_init
 .text.tu_edpt_stream_deinit
                0x10004414        0x4 CMakeFiles/MatrizDeLeds.dir/home/reinanlinux/.pico-sdk/sdk/2.1.0/lib/tinyusb/src/tusb.c.o
                0x10004414                tu_edpt_stream_deinit
 .text.tu_edpt_stream_write_zlp_if_needed
                0x10004418       0x68 CMakeFiles/MatrizDeLeds.dir/home/reinanlinux/.pico-sdk/sdk/2.1.0/lib/tinyusb/src/tusb.c.o
                0x10004418                tu_edpt_stream_write_zlp_if_needed
 .text.tu_edpt_stream_write_xfer
                0x10004480       0x64 CMakeFiles/MatrizDeLeds.dir/home/reinanlinux/.pico-sdk/sdk/2.1.0/lib/tinyusb/src/tusb.c.o
                0x10004480                tu_edpt_stream_write_xfer
 .text.tu_edpt_stream_read_xfer
                0x100044e4       0xdc CMakeFiles/MatrizDeLeds.dir/home/reinanlinux/.pico-sdk/sdk/2.1.0/lib/tinyusb/src/tusb.c.o
                0x100044e4                tu_edpt_stream_read_xfer
 .text.tu_fifo_config
                0x100045c0       0x6c CMakeFiles/MatrizDeLeds.dir/home/reinanlinux/.pico-sdk/sdk/2.1.0/lib/tinyusb/src/common/tusb_fifo.c.o
                0x100045c0                tu_fifo_config
 .text.tu_fifo_count
                0x1000462c       0x2c CMakeFiles/MatrizDeLeds.dir/home/reinanlinux/.pico-sdk/sdk/2.1.0/lib/tinyusb/src/common/tusb_fifo.c.o
                0x1000462c                tu_fifo_count
 .text.tu_fifo_empty
                0x10004658       0x10 CMakeFiles/MatrizDeLeds.dir/home/reinanlinux/.pico-sdk/sdk/2.1.0/lib/tinyusb/src/common/tusb_fifo.c.o
                0x10004658                tu_fifo_empty
 .text.tu_fifo_remaining
                0x10004668       0x2c CMakeFiles/MatrizDeLeds.dir/home/reinanlinux/.pico-sdk/sdk/2.1.0/lib/tinyusb/src/common/tusb_fifo.c.o
                0x10004668                tu_fifo_remaining
 .text.tu_fifo_read
                0x10004694       0x9c CMakeFiles/MatrizDeLeds.dir/home/reinanlinux/.pico-sdk/sdk/2.1.0/lib/tinyusb/src/common/tusb_fifo.c.o
                0x10004694                tu_fifo_read
 .text.tu_fifo_read_n
                0x10004730       0xe8 CMakeFiles/MatrizDeLeds.dir/home/reinanlinux/.pico-sdk/sdk/2.1.0/lib/tinyusb/src/common/tusb_fifo.c.o
                0x10004730                tu_fifo_read_n
 .text.tu_fifo_write
                0x10004818       0xa8 CMakeFiles/MatrizDeLeds.dir/home/reinanlinux/.pico-sdk/sdk/2.1.0/lib/tinyusb/src/common/tusb_fifo.c.o
                0x10004818                tu_fifo_write
 .text.tu_fifo_write_n
                0x100048c0      0x178 CMakeFiles/MatrizDeLeds.dir/home/reinanlinux/.pico-sdk/sdk/2.1.0/lib/tinyusb/src/common/tusb_fifo.c.o
                0x100048c0                tu_fifo_write_n
 .text.tu_fifo_clear
                0x10004a38       0x40 CMakeFiles/MatrizDeLeds.dir/home/reinanlinux/.pico-sdk/sdk/2.1.0/lib/tinyusb/src/common/tusb_fifo.c.o
                0x10004a38                tu_fifo_clear
 .text.tu_fifo_set_overwritable
                0x10004a78       0x48 CMakeFiles/MatrizDeLeds.dir/home/reinanlinux/.pico-sdk/sdk/2.1.0/lib/tinyusb/src/common/tusb_fifo.c.o
                0x10004a78                tu_fifo_set_overwritable
 .text.pio_add_program
                0x10004ac0      0x104 CMakeFiles/MatrizDeLeds.dir/home/reinanlinux/.pico-sdk/sdk/2.1.0/src/rp2_common/hardware_pio/pio.c.o
                0x10004ac0                pio_add_program
 .text.pio_sm_set_consecutive_pindirs
                0x10004bc4       0xb4 CMakeFiles/MatrizDeLeds.dir/home/reinanlinux/.pico-sdk/sdk/2.1.0/src/rp2_common/hardware_pio/pio.c.o
                0x10004bc4                pio_sm_set_consecutive_pindirs
 .text.pio_sm_init
                0x10004c78       0x9c CMakeFiles/MatrizDeLeds.dir/home/reinanlinux/.pico-sdk/sdk/2.1.0/src/rp2_common/hardware_pio/pio.c.o
                0x10004c78                pio_sm_init
 .text.strlen   0x10004d14       0x5c /home/reinanlinux/.pico-sdk/toolchain/13_3_Rel1/bin/../lib/gcc/arm-none-eabi/13.3.1/../../../../arm-none-eabi/lib/thumb/v6-m/nofp/libg.a(libc_a-strlen-stub.o)
                0x10004d14                strlen
 *(.fini)
 .fini          0x10004d70        0x4 /home/reinanlinux/.pico-sdk/toolchain/13_3_Rel1/bin/../lib/gcc/arm-none-eabi/13.3.1/thumb/v6-m/nofp/crti.o
                0x10004d70                _fini
 *fill*         0x10004d74        0x4 
 .fini.__stub   0x10004d78       0xb0 linker stubs
 *crtbegin.o(.ctors)
 *crtbegin?.o(.ctors)
 *(EXCLUDE_FILE(*crtend.o *crtend?.o) .ctors)
 *(SORT_BY_NAME(.ctors.*))
 *(.ctors)
 *crtbegin.o(.dtors)
 *crtbegin?.o(.dtors)
 *(EXCLUDE_FILE(*crtend.o *crtend?.o) .dtors)
 *(SORT_BY_NAME(.dtors.*))
 *(.dtors)
                0x10004e28                        . = ALIGN (0x4)
                0x10004e28                        PROVIDE (__preinit_array_start = .)
 *(SORT_BY_NAME(.preinit_array.*))
 .preinit_array.00100
                0x10004e28        0x4 CMakeFiles/MatrizDeLeds.dir/home/reinanlinux/.pico-sdk/sdk/2.1.0/src/rp2_common/pico_runtime_init/runtime_init.c.o
                0x10004e28                __pre_init_runtime_init_early_resets
 .preinit_array.00101
                0x10004e2c        0x4 CMakeFiles/MatrizDeLeds.dir/home/reinanlinux/.pico-sdk/sdk/2.1.0/src/rp2_common/pico_runtime_init/runtime_init.c.o
                0x10004e2c                __pre_init_runtime_init_usb_power_down
 .preinit_array.00275
                0x10004e30        0x4 CMakeFiles/MatrizDeLeds.dir/home/reinanlinux/.pico-sdk/sdk/2.1.0/src/rp2_common/pico_bit_ops/bit_ops_aeabi.S.o
 .preinit_array.00300
                0x10004e34        0x4 CMakeFiles/MatrizDeLeds.dir/home/reinanlinux/.pico-sdk/sdk/2.1.0/src/rp2_common/pico_mem_ops/mem_ops_aeabi.S.o
 .preinit_array.00350
                0x10004e38        0x4 CMakeFiles/MatrizDeLeds.dir/home/reinanlinux/.pico-sdk/sdk/2.1.0/src/rp2_common/pico_double/double_aeabi_rp2040.S.o
 .preinit_array.00350
                0x10004e3c        0x4 CMakeFiles/MatrizDeLeds.dir/home/reinanlinux/.pico-sdk/sdk/2.1.0/src/rp2_common/pico_float/float_aeabi_rp2040.S.o
 .preinit_array.00500
                0x10004e40        0x4 CMakeFiles/MatrizDeLeds.dir/home/reinanlinux/.pico-sdk/sdk/2.1.0/src/rp2_common/pico_runtime_init/runtime_init.c.o
                0x10004e40                __pre_init_runtime_init_clocks
 .preinit_array.00600
                0x10004e44        0x4 CMakeFiles/MatrizDeLeds.dir/home/reinanlinux/.pico-sdk/sdk/2.1.0/src/rp2_common/pico_runtime_init/runtime_init.c.o
                0x10004e44                __pre_init_runtime_init_post_clock_resets
 .preinit_array.00700
                0x10004e48        0x4 CMakeFiles/MatrizDeLeds.dir/home/reinanlinux/.pico-sdk/sdk/2.1.0/src/rp2_common/pico_runtime_init/runtime_init.c.o
                0x10004e48                __pre_init_runtime_init_rp2040_gpio_ie_disable
 .preinit_array.01000
                0x10004e4c        0x4 CMakeFiles/MatrizDeLeds.dir/home/reinanlinux/.pico-sdk/sdk/2.1.0/src/rp2_common/pico_runtime_init/runtime_init.c.o
                0x10004e4c                __pre_init_runtime_init_spin_locks_reset
 .preinit_array.01100
                0x10004e50        0x4 CMakeFiles/MatrizDeLeds.dir/home/reinanlinux/.pico-sdk/sdk/2.1.0/src/common/pico_sync/mutex.c.o
                0x10004e50                __pre_init_runtime_init_mutex
 .preinit_array.10080
                0x10004e54        0x4 CMakeFiles/MatrizDeLeds.dir/home/reinanlinux/.pico-sdk/sdk/2.1.0/src/rp2_common/pico_runtime_init/runtime_init.c.o
                0x10004e54                __pre_init_runtime_init_install_ram_vector_table
 .preinit_array.11000
                0x10004e58        0x4 CMakeFiles/MatrizDeLeds.dir/home/reinanlinux/.pico-sdk/sdk/2.1.0/src/common/pico_time/time.c.o
                0x10004e58                __pre_init_runtime_init_default_alarm_pool
 .preinit_array.YYYYY
                0x10004e5c        0x4 CMakeFiles/MatrizDeLeds.dir/home/reinanlinux/.pico-sdk/sdk/2.1.0/src/rp2_common/pico_runtime/runtime.c.o
                0x10004e5c                __pre_init_first_per_core_initializer
 .preinit_array.ZZZZZ.01200
                0x10004e60        0x4 CMakeFiles/MatrizDeLeds.dir/home/reinanlinux/.pico-sdk/sdk/2.1.0/src/rp2_common/hardware_irq/irq.c.o
                0x10004e60                __pre_init_runtime_init_per_core_irq_priorities
 *(.preinit_array)
                0x10004e64                        PROVIDE (__preinit_array_end = .)
                0x10004e64                        . = ALIGN (0x4)
                0x10004e64                        PROVIDE (__init_array_start = .)
 *(SORT_BY_NAME(.init_array.*))
 *(.init_array)
 .init_array    0x10004e64        0x4 /home/reinanlinux/.pico-sdk/toolchain/13_3_Rel1/bin/../lib/gcc/arm-none-eabi/13.3.1/thumb/v6-m/nofp/crtbegin.o
 .init_array    0x10004e68        0x4 CMakeFiles/MatrizDeLeds.dir/home/reinanlinux/.pico-sdk/sdk/2.1.0/src/rp2_common/pico_unique_id/unique_id.c.o
                0x10004e6c                        PROVIDE (__init_array_end = .)
                0x10004e6c                        . = ALIGN (0x4)
                [!provide]                        PROVIDE (__fini_array_start = .)
 *(SORT_BY_NAME(.fini_array.*))
 *(.fini_array)
                [!provide]                        PROVIDE (__fini_array_end = .)
 *(.eh_frame*)
 .eh_frame      0x10004e6c        0x0 /home/reinanlinux/.pico-sdk/toolchain/13_3_Rel1/bin/../lib/gcc/arm-none-eabi/13.3.1/thumb/v6-m/nofp/crtbegin.o
                0x10004e6c                        . = ALIGN (0x4)

.glue_7         0x10004e6c        0x0
 .glue_7        0x10004e6c        0x0 linker stubs

.glue_7t        0x10004e6c        0x0
 .glue_7t       0x10004e6c        0x0 linker stubs

.vfp11_veneer   0x10004e6c        0x0
 .vfp11_veneer  0x10004e6c        0x0 linker stubs

.v4_bx          0x10004e6c        0x0
 .v4_bx         0x10004e6c        0x0 linker stubs

.iplt           0x10004e6c        0x0
 .iplt          0x10004e6c        0x0 /home/reinanlinux/.pico-sdk/toolchain/13_3_Rel1/bin/../lib/gcc/arm-none-eabi/13.3.1/thumb/v6-m/nofp/crtbegin.o

.rodata         0x10004e6c      0x494
 *(EXCLUDE_FILE(*libm.a: *libc.a:*lib_a-mem*.o *libgcc.a:) .rodata*)
 .rodata.ws2812_program
                0x10004e6c        0x8 CMakeFiles/MatrizDeLeds.dir/MatrizDeLeds.c.o
 .rodata.ws2812_program_instructions
                0x10004e74        0x8 CMakeFiles/MatrizDeLeds.dir/MatrizDeLeds.c.o
 .rodata.panic.str1.4
                0x10004e7c      0x1a4 CMakeFiles/MatrizDeLeds.dir/home/reinanlinux/.pico-sdk/sdk/2.1.0/src/rp2_common/pico_platform_panic/panic.c.o
                                 0x12 (size before relaxing)
 .rodata.spin_lock_claim_unused.str1.4
                0x10005020       0x1b CMakeFiles/MatrizDeLeds.dir/home/reinanlinux/.pico-sdk/sdk/2.1.0/src/rp2_common/hardware_sync/sync.c.o
 .rodata.user_irq_claim_unused.str1.4
                0x10005020       0x1b CMakeFiles/MatrizDeLeds.dir/home/reinanlinux/.pico-sdk/sdk/2.1.0/src/rp2_common/hardware_irq/irq.c.o
 .rodata.timer_hardware_alarm_claim.str1.4
                0x10005020       0x22 CMakeFiles/MatrizDeLeds.dir/home/reinanlinux/.pico-sdk/sdk/2.1.0/src/rp2_common/hardware_timer/timer.c.o
 .rodata.hard_assertion_failure.str1.4
                0x10005020        0xc CMakeFiles/MatrizDeLeds.dir/home/reinanlinux/.pico-sdk/sdk/2.1.0/src/rp2_common/pico_runtime/runtime.c.o
 .rodata.missing_double_func_shim.str1.4
                0x10005020       0x18 CMakeFiles/MatrizDeLeds.dir/home/reinanlinux/.pico-sdk/sdk/2.1.0/src/rp2_common/pico_double/double_init_rom_rp2040.c.o
 .rodata.missing_float_func_shim.str1.4
                0x10005020        0x1 CMakeFiles/MatrizDeLeds.dir/home/reinanlinux/.pico-sdk/sdk/2.1.0/src/rp2_common/pico_float/float_init_rom_rp2040.c.o
 .rodata.str1.4
                0x10005020       0x48 CMakeFiles/MatrizDeLeds.dir/home/reinanlinux/.pico-sdk/sdk/2.1.0/src/rp2_common/pico_standard_binary_info/standard_binary_info.c.o
 .rodata.__bi_84
                0x10005020        0xc CMakeFiles/MatrizDeLeds.dir/home/reinanlinux/.pico-sdk/sdk/2.1.0/src/rp2_common/pico_standard_binary_info/standard_binary_info.c.o
 .rodata.__bi_78
                0x1000502c        0xc CMakeFiles/MatrizDeLeds.dir/home/reinanlinux/.pico-sdk/sdk/2.1.0/src/rp2_common/pico_standard_binary_info/standard_binary_info.c.o
 .rodata.__bi_60
                0x10005038        0xc CMakeFiles/MatrizDeLeds.dir/home/reinanlinux/.pico-sdk/sdk/2.1.0/src/rp2_common/pico_standard_binary_info/standard_binary_info.c.o
 .rodata.__bi_54
                0x10005044        0xc CMakeFiles/MatrizDeLeds.dir/home/reinanlinux/.pico-sdk/sdk/2.1.0/src/rp2_common/pico_standard_binary_info/standard_binary_info.c.o
 .rodata.__bi_48
                0x10005050        0xc CMakeFiles/MatrizDeLeds.dir/home/reinanlinux/.pico-sdk/sdk/2.1.0/src/rp2_common/pico_standard_binary_info/standard_binary_info.c.o
 .rodata.__bi_42
                0x1000505c        0xc CMakeFiles/MatrizDeLeds.dir/home/reinanlinux/.pico-sdk/sdk/2.1.0/src/rp2_common/pico_standard_binary_info/standard_binary_info.c.o
 .rodata.__bi_34
                0x10005068        0xc CMakeFiles/MatrizDeLeds.dir/home/reinanlinux/.pico-sdk/sdk/2.1.0/src/rp2_common/pico_standard_binary_info/standard_binary_info.c.o
 .rodata.__bi_26
                0x10005074        0xc CMakeFiles/MatrizDeLeds.dir/home/reinanlinux/.pico-sdk/sdk/2.1.0/src/rp2_common/pico_standard_binary_info/standard_binary_info.c.o
 .rodata.crlf_str.0
                0x10005080        0x2 CMakeFiles/MatrizDeLeds.dir/home/reinanlinux/.pico-sdk/sdk/2.1.0/src/rp2_common/pico_stdio/stdio.c.o
 .rodata.str1.4
                0x10005082       0x2c CMakeFiles/MatrizDeLeds.dir/home/reinanlinux/.pico-sdk/sdk/2.1.0/src/rp2_common/pico_stdio_uart/stdio_uart.c.o
 *fill*         0x10005082        0x2 
 .rodata.__bi_45.4
                0x10005084        0xc CMakeFiles/MatrizDeLeds.dir/home/reinanlinux/.pico-sdk/sdk/2.1.0/src/rp2_common/pico_stdio_uart/stdio_uart.c.o
 .rodata.__bi_49.5
                0x10005090        0x8 CMakeFiles/MatrizDeLeds.dir/home/reinanlinux/.pico-sdk/sdk/2.1.0/src/rp2_common/pico_stdio_uart/stdio_uart.c.o
 .rodata.__bi_50.6
                0x10005098        0x8 CMakeFiles/MatrizDeLeds.dir/home/reinanlinux/.pico-sdk/sdk/2.1.0/src/rp2_common/pico_stdio_uart/stdio_uart.c.o
 .rodata._resetd_driver
                0x100050a0       0x20 CMakeFiles/MatrizDeLeds.dir/home/reinanlinux/.pico-sdk/sdk/2.1.0/src/rp2_common/pico_stdio_usb/reset_interface.c.o
 .rodata.desc_ms_os_20
                0x100050c0       0xa6 CMakeFiles/MatrizDeLeds.dir/home/reinanlinux/.pico-sdk/sdk/2.1.0/src/rp2_common/pico_stdio_usb/reset_interface.c.o
 *fill*         0x10005166        0x2 
 .rodata.desc_bos
                0x10005168       0x21 CMakeFiles/MatrizDeLeds.dir/home/reinanlinux/.pico-sdk/sdk/2.1.0/src/rp2_common/pico_stdio_usb/reset_interface.c.o
                0x10005168                desc_bos
 .rodata.str1.4
                0x10005189       0x13 CMakeFiles/MatrizDeLeds.dir/home/reinanlinux/.pico-sdk/sdk/2.1.0/src/rp2_common/pico_stdio_usb/stdio_usb.c.o
 *fill*         0x10005189        0x3 
 .rodata.__bi_197.0
                0x1000518c        0xc CMakeFiles/MatrizDeLeds.dir/home/reinanlinux/.pico-sdk/sdk/2.1.0/src/rp2_common/pico_stdio_usb/stdio_usb.c.o
 .rodata.str1.4
                0x10005198       0x2a CMakeFiles/MatrizDeLeds.dir/home/reinanlinux/.pico-sdk/sdk/2.1.0/src/rp2_common/pico_stdio_usb/stdio_usb_descriptors.c.o
 .rodata.usbd_desc_str
                0x10005198       0x18 CMakeFiles/MatrizDeLeds.dir/home/reinanlinux/.pico-sdk/sdk/2.1.0/src/rp2_common/pico_stdio_usb/stdio_usb_descriptors.c.o
 .rodata.usbd_desc_cfg
                0x100051b0       0x54 CMakeFiles/MatrizDeLeds.dir/home/reinanlinux/.pico-sdk/sdk/2.1.0/src/rp2_common/pico_stdio_usb/stdio_usb_descriptors.c.o
 .rodata.usbd_desc_device
                0x10005204       0x12 CMakeFiles/MatrizDeLeds.dir/home/reinanlinux/.pico-sdk/sdk/2.1.0/src/rp2_common/pico_stdio_usb/stdio_usb_descriptors.c.o
 .rodata.str1.4
                0x10005216       0x14 CMakeFiles/MatrizDeLeds.dir/home/reinanlinux/.pico-sdk/sdk/2.1.0/lib/tinyusb/src/portable/raspberrypi/rp2040/dcd_rp2040.c.o
 .rodata.str1.4
                0x10005216       0x48 CMakeFiles/MatrizDeLeds.dir/home/reinanlinux/.pico-sdk/sdk/2.1.0/lib/tinyusb/src/portable/raspberrypi/rp2040/rp2040_usb.c.o
 *fill*         0x10005216        0x2 
 .rodata.tud_task_ext
                0x10005218       0x8c CMakeFiles/MatrizDeLeds.dir/home/reinanlinux/.pico-sdk/sdk/2.1.0/lib/tinyusb/src/device/usbd.c.o
 .rodata        0x100052a4       0x1c CMakeFiles/MatrizDeLeds.dir/home/reinanlinux/.pico-sdk/sdk/2.1.0/lib/tinyusb/src/device/usbd.c.o
 .rodata._usbd_driver
                0x100052c0       0x40 CMakeFiles/MatrizDeLeds.dir/home/reinanlinux/.pico-sdk/sdk/2.1.0/lib/tinyusb/src/device/usbd.c.o
                0x10005300                        . = ALIGN (0x4)
 *(SORT_BY_ALIGNMENT(SORT_BY_NAME(.flashdata*)))
                0x10005300                        . = ALIGN (0x4)

.ARM.extab
 *(.ARM.extab* .gnu.linkonce.armextab.*)
                0x10005300                        __exidx_start = .

.ARM.exidx
 *(.ARM.exidx* .gnu.linkonce.armexidx.*)
                0x10005300                        __exidx_end = .
                0x10005300                        . = ALIGN (0x4)
                0x10005300                        __binary_info_start = .

.binary_info    0x10005300       0x30
 *(.binary_info.keep.*)
 .binary_info.keep.__bi_ptr84
                0x10005300        0x4 CMakeFiles/MatrizDeLeds.dir/home/reinanlinux/.pico-sdk/sdk/2.1.0/src/rp2_common/pico_standard_binary_info/standard_binary_info.c.o
 .binary_info.keep.__bi_ptr78
                0x10005304        0x4 CMakeFiles/MatrizDeLeds.dir/home/reinanlinux/.pico-sdk/sdk/2.1.0/src/rp2_common/pico_standard_binary_info/standard_binary_info.c.o
 .binary_info.keep.__bi_ptr60
                0x10005308        0x4 CMakeFiles/MatrizDeLeds.dir/home/reinanlinux/.pico-sdk/sdk/2.1.0/src/rp2_common/pico_standard_binary_info/standard_binary_info.c.o
 .binary_info.keep.__bi_ptr54
                0x1000530c        0x4 CMakeFiles/MatrizDeLeds.dir/home/reinanlinux/.pico-sdk/sdk/2.1.0/src/rp2_common/pico_standard_binary_info/standard_binary_info.c.o
 .binary_info.keep.__bi_ptr48
                0x10005310        0x4 CMakeFiles/MatrizDeLeds.dir/home/reinanlinux/.pico-sdk/sdk/2.1.0/src/rp2_common/pico_standard_binary_info/standard_binary_info.c.o
 .binary_info.keep.__bi_ptr42
                0x10005314        0x4 CMakeFiles/MatrizDeLeds.dir/home/reinanlinux/.pico-sdk/sdk/2.1.0/src/rp2_common/pico_standard_binary_info/standard_binary_info.c.o
 .binary_info.keep.__bi_ptr34
                0x10005318        0x4 CMakeFiles/MatrizDeLeds.dir/home/reinanlinux/.pico-sdk/sdk/2.1.0/src/rp2_common/pico_standard_binary_info/standard_binary_info.c.o
 .binary_info.keep.__bi_ptr26
                0x1000531c        0x4 CMakeFiles/MatrizDeLeds.dir/home/reinanlinux/.pico-sdk/sdk/2.1.0/src/rp2_common/pico_standard_binary_info/standard_binary_info.c.o
 *(.binary_info.*)
 .binary_info.__bi_ptr50
                0x10005320        0x4 CMakeFiles/MatrizDeLeds.dir/home/reinanlinux/.pico-sdk/sdk/2.1.0/src/rp2_common/pico_stdio_uart/stdio_uart.c.o
 .binary_info.__bi_ptr49
                0x10005324        0x4 CMakeFiles/MatrizDeLeds.dir/home/reinanlinux/.pico-sdk/sdk/2.1.0/src/rp2_common/pico_stdio_uart/stdio_uart.c.o
 .binary_info.__bi_ptr45
                0x10005328        0x4 CMakeFiles/MatrizDeLeds.dir/home/reinanlinux/.pico-sdk/sdk/2.1.0/src/rp2_common/pico_stdio_uart/stdio_uart.c.o
 .binary_info.__bi_ptr197
                0x1000532c        0x4 CMakeFiles/MatrizDeLeds.dir/home/reinanlinux/.pico-sdk/sdk/2.1.0/src/rp2_common/pico_stdio_usb/stdio_usb.c.o
                0x10005330                        __binary_info_end = .

.rel.dyn        0x10005330        0x0
 .rel.iplt      0x10005330        0x0 /home/reinanlinux/.pico-sdk/toolchain/13_3_Rel1/bin/../lib/gcc/arm-none-eabi/13.3.1/thumb/v6-m/nofp/crtbegin.o
                0x10005330                        . = ALIGN (0x4)

.ram_vector_table
                0x20000000       0xc0
 *(.ram_vector_table)
 .ram_vector_table
                0x20000000       0xc0 CMakeFiles/MatrizDeLeds.dir/home/reinanlinux/.pico-sdk/sdk/2.1.0/src/rp2_common/pico_runtime_init/runtime_init.c.o
                0x20000000                ram_vector_table

.uninitialized_data
                0x200000c0        0x0
                0x200000c0                        . = ALIGN (0x4)
 *(.uninitialized_data*)

.data           0x200000c0      0xfb8 load address 0x10005330
                0x200000c0                        __data_start__ = .
 *(vtable)
 *(.time_critical*)
 .time_critical.mutex_try_enter
                0x200000c0       0x40 CMakeFiles/MatrizDeLeds.dir/home/reinanlinux/.pico-sdk/sdk/2.1.0/src/common/pico_sync/mutex.c.o
                0x200000c0                mutex_try_enter
 .time_critical.mutex_try_enter_block_until
                0x20000100       0x9c CMakeFiles/MatrizDeLeds.dir/home/reinanlinux/.pico-sdk/sdk/2.1.0/src/common/pico_sync/mutex.c.o
                0x20000100                mutex_try_enter_block_until
 .time_critical.mutex_enter_timeout_ms
                0x2000019c       0x90 CMakeFiles/MatrizDeLeds.dir/home/reinanlinux/.pico-sdk/sdk/2.1.0/src/common/pico_sync/mutex.c.o
                0x2000019c                mutex_enter_timeout_ms
 .time_critical.mutex_exit
                0x2000022c       0x28 CMakeFiles/MatrizDeLeds.dir/home/reinanlinux/.pico-sdk/sdk/2.1.0/src/common/pico_sync/mutex.c.o
                0x2000022c                mutex_exit
 .time_critical.flash_init_boot2_copyout
                0x20000254       0x30 CMakeFiles/MatrizDeLeds.dir/home/reinanlinux/.pico-sdk/sdk/2.1.0/src/rp2_common/hardware_flash/flash.c.o
 .time_critical.flash_enable_xip_via_boot2
                0x20000284        0xc CMakeFiles/MatrizDeLeds.dir/home/reinanlinux/.pico-sdk/sdk/2.1.0/src/rp2_common/hardware_flash/flash.c.o
 .time_critical.flash_cs_force
                0x20000290       0x38 CMakeFiles/MatrizDeLeds.dir/home/reinanlinux/.pico-sdk/sdk/2.1.0/src/rp2_common/hardware_flash/flash.c.o
 .time_critical.flash_do_cmd
                0x200002c8       0xc0 CMakeFiles/MatrizDeLeds.dir/home/reinanlinux/.pico-sdk/sdk/2.1.0/src/rp2_common/hardware_flash/flash.c.o
                0x200002c8                flash_do_cmd
 .time_critical.reset_non_control_endpoints
                0x20000388       0x68 CMakeFiles/MatrizDeLeds.dir/home/reinanlinux/.pico-sdk/sdk/2.1.0/lib/tinyusb/src/portable/raspberrypi/rp2040/dcd_rp2040.c.o
 .time_critical.hw_handle_buff_status
                0x200003f0       0xb0 CMakeFiles/MatrizDeLeds.dir/home/reinanlinux/.pico-sdk/sdk/2.1.0/lib/tinyusb/src/portable/raspberrypi/rp2040/dcd_rp2040.c.o
 .time_critical.dcd_rp2040_irq
                0x200004a0      0x578 CMakeFiles/MatrizDeLeds.dir/home/reinanlinux/.pico-sdk/sdk/2.1.0/lib/tinyusb/src/portable/raspberrypi/rp2040/dcd_rp2040.c.o
 .time_critical.prepare_ep_buffer
                0x20000a18       0xe0 CMakeFiles/MatrizDeLeds.dir/home/reinanlinux/.pico-sdk/sdk/2.1.0/lib/tinyusb/src/portable/raspberrypi/rp2040/rp2040_usb.c.o
 .time_critical.sync_ep_buffer
                0x20000af8       0xa8 CMakeFiles/MatrizDeLeds.dir/home/reinanlinux/.pico-sdk/sdk/2.1.0/lib/tinyusb/src/portable/raspberrypi/rp2040/rp2040_usb.c.o
 .time_critical._hw_endpoint_xfer_sync
                0x20000ba0       0x28 CMakeFiles/MatrizDeLeds.dir/home/reinanlinux/.pico-sdk/sdk/2.1.0/lib/tinyusb/src/portable/raspberrypi/rp2040/rp2040_usb.c.o
 .time_critical.e15_is_bulkin_ep
                0x20000bc8       0x28 CMakeFiles/MatrizDeLeds.dir/home/reinanlinux/.pico-sdk/sdk/2.1.0/lib/tinyusb/src/portable/raspberrypi/rp2040/rp2040_usb.c.o
 .time_critical.e15_is_critical_frame_period
                0x20000bf0       0x34 CMakeFiles/MatrizDeLeds.dir/home/reinanlinux/.pico-sdk/sdk/2.1.0/lib/tinyusb/src/portable/raspberrypi/rp2040/rp2040_usb.c.o
 .time_critical.hw_endpoint_reset_transfer
                0x20000c24        0xc CMakeFiles/MatrizDeLeds.dir/home/reinanlinux/.pico-sdk/sdk/2.1.0/lib/tinyusb/src/portable/raspberrypi/rp2040/rp2040_usb.c.o
                0x20000c24                hw_endpoint_reset_transfer
 .time_critical._hw_endpoint_buffer_control_update32
                0x20000c30       0x50 CMakeFiles/MatrizDeLeds.dir/home/reinanlinux/.pico-sdk/sdk/2.1.0/lib/tinyusb/src/portable/raspberrypi/rp2040/rp2040_usb.c.o
                0x20000c30                _hw_endpoint_buffer_control_update32
 .time_critical.hw_endpoint_start_next_buffer
                0x20000c80       0x6c CMakeFiles/MatrizDeLeds.dir/home/reinanlinux/.pico-sdk/sdk/2.1.0/lib/tinyusb/src/portable/raspberrypi/rp2040/rp2040_usb.c.o
                0x20000c80                hw_endpoint_start_next_buffer
 .time_critical.hw_endpoint_xfer_continue
                0x20000cec       0x40 CMakeFiles/MatrizDeLeds.dir/home/reinanlinux/.pico-sdk/sdk/2.1.0/lib/tinyusb/src/portable/raspberrypi/rp2040/rp2040_usb.c.o
                0x20000cec                hw_endpoint_xfer_continue
 .time_critical.tinyusb
                0x20000d2c      0x1e4 CMakeFiles/MatrizDeLeds.dir/home/reinanlinux/.pico-sdk/sdk/2.1.0/lib/tinyusb/src/device/usbd.c.o
                0x20000d2c                dcd_event_handler
 *(.text*)
 .text          0x20000f10        0x4 /home/reinanlinux/.pico-sdk/toolchain/13_3_Rel1/bin/../lib/gcc/arm-none-eabi/13.3.1/thumb/v6-m/nofp/libgcc.a(_dvmd_tls.o)
                0x20000f10                __aeabi_ldiv0
                0x20000f10                __aeabi_idiv0
 *fill*         0x20000f14        0x4 
 .text.__stub   0x20000f18       0x80 linker stubs
                0x20000f98                        . = ALIGN (0x4)
 *(.rodata*)
                0x20000f98                        . = ALIGN (0x4)
 *(.data*)
 .data.striped_spin_lock_num
                0x20000f98        0x1 CMakeFiles/MatrizDeLeds.dir/home/reinanlinux/.pico-sdk/sdk/2.1.0/src/rp2_common/hardware_sync/sync.c.o
 *fill*         0x20000f99        0x3 
 .data          0x20000f9c       0x48 CMakeFiles/MatrizDeLeds.dir/home/reinanlinux/.pico-sdk/sdk/2.1.0/src/rp2_common/hardware_irq/irq_handler_chain.S.o
                0x20000f9c                irq_handler_chain_slots
                0x20000fcc                irq_handler_chain_first_slot
                0x20000fd6                irq_handler_chain_remove_tail
 .data.default_alarm_pool
                0x20000fe4       0x18 CMakeFiles/MatrizDeLeds.dir/home/reinanlinux/.pico-sdk/sdk/2.1.0/src/common/pico_time/time.c.o
 *fill*         0x20000ffc        0x4 
 .data.aeabi_bits_funcs
                0x20001000       0x10 CMakeFiles/MatrizDeLeds.dir/home/reinanlinux/.pico-sdk/sdk/2.1.0/src/rp2_common/pico_bit_ops/bit_ops_aeabi.S.o
                0x20001000                aeabi_bits_funcs
                0x20001010                aeabi_bits_funcs_end
 .data.aeabi_mem_funcs
                0x20001010       0x10 CMakeFiles/MatrizDeLeds.dir/home/reinanlinux/.pico-sdk/sdk/2.1.0/src/rp2_common/pico_mem_ops/mem_ops_aeabi.S.o
                0x20001010                aeabi_mem_funcs
                0x20001020                aeabi_mem_funcs_end
 .data.stdio_uart
                0x20001020       0x18 CMakeFiles/MatrizDeLeds.dir/home/reinanlinux/.pico-sdk/sdk/2.1.0/src/rp2_common/pico_stdio_uart/stdio_uart.c.o
                0x20001020                stdio_uart
 .data.stdio_usb
                0x20001038       0x18 CMakeFiles/MatrizDeLeds.dir/home/reinanlinux/.pico-sdk/sdk/2.1.0/src/rp2_common/pico_stdio_usb/stdio_usb.c.o
                0x20001038                stdio_usb
 .data._usbd_qdef
                0x20001050       0x1c CMakeFiles/MatrizDeLeds.dir/home/reinanlinux/.pico-sdk/sdk/2.1.0/lib/tinyusb/src/device/usbd.c.o
                0x20001050                _usbd_qdef
 .data._usbd_rhport
                0x2000106c        0x1 CMakeFiles/MatrizDeLeds.dir/home/reinanlinux/.pico-sdk/sdk/2.1.0/lib/tinyusb/src/device/usbd.c.o
                0x20001070                        . = ALIGN (0x4)
 *fill*         0x2000106d        0x3 
 *(.after_data.*)
                0x20001070                        . = ALIGN (0x4)
                0x20001070                        PROVIDE (__mutex_array_start = .)
 *(SORT_BY_NAME(.mutex_array.*))
 *(.mutex_array)
 .mutex_array   0x20001070        0x8 CMakeFiles/MatrizDeLeds.dir/home/reinanlinux/.pico-sdk/sdk/2.1.0/src/rp2_common/pico_stdio/stdio.c.o
                0x20001078                        PROVIDE (__mutex_array_end = .)
                0x20001078                        . = ALIGN (0x4)
 *(.jcr)
                0x20001078                        . = ALIGN (0x4)

.tm_clone_table
                0x20001078        0x0 load address 0x100062e8
 .tm_clone_table
                0x20001078        0x0 /home/reinanlinux/.pico-sdk/toolchain/13_3_Rel1/bin/../lib/gcc/arm-none-eabi/13.3.1/thumb/v6-m/nofp/crtbegin.o
 .tm_clone_table
                0x20001078        0x0 /home/reinanlinux/.pico-sdk/toolchain/13_3_Rel1/bin/../lib/gcc/arm-none-eabi/13.3.1/thumb/v6-m/nofp/crtend.o

.igot.plt       0x20001078        0x0 load address 0x100062e8
 .igot.plt      0x20001078        0x0 /home/reinanlinux/.pico-sdk/toolchain/13_3_Rel1/bin/../lib/gcc/arm-none-eabi/13.3.1/thumb/v6-m/nofp/crtbegin.o

.tdata          0x20001078        0x0 load address 0x100062e8
                0x20001078                        . = ALIGN (0x4)
 *(.tdata .tdata.* .gnu.linkonce.td.*)
                0x20001078                        __tdata_end = .
                0x20001078                        PROVIDE (__data_end__ = .)
                0x10005330                        __etext = LOADADDR (.data)

.tbss           0x20001078        0x0 load address 0x100062e8
                0x20001078                        . = ALIGN (0x4)
                0x20001078                        __bss_start__ = .
                0x20001078                        __tls_base = .
 *(.tbss .tbss.* .gnu.linkonce.tb.*)
 *(.tcommon)
                0x20001078                        __tls_end = .

.bss            0x20001078     0x1090 load address 0x100062e8
                0x20001078                        . = ALIGN (0x4)
                0x20001078                        __tbss_end = .
 *(SORT_BY_ALIGNMENT(SORT_BY_NAME(.bss*)))
 .bss.default_alarm_pool_entries
                0x20001078      0x180 CMakeFiles/MatrizDeLeds.dir/home/reinanlinux/.pico-sdk/sdk/2.1.0/src/common/pico_time/time.c.o
 .bss.last_avail_time.1
                0x200011f8        0x8 CMakeFiles/MatrizDeLeds.dir/home/reinanlinux/.pico-sdk/sdk/2.1.0/src/rp2_common/pico_stdio_usb/stdio_usb.c.o
 .bss.sd_table  0x20001200      0x100 CMakeFiles/MatrizDeLeds.dir/home/reinanlinux/.pico-sdk/sdk/2.1.0/src/rp2_common/pico_double/double_init_rom_rp2040.c.o
                0x20001200                sd_table
 .bss._app_driver
                0x20001300        0x4 CMakeFiles/MatrizDeLeds.dir/home/reinanlinux/.pico-sdk/sdk/2.1.0/lib/tinyusb/src/device/usbd.c.o
 .bss._cdcd_fifo_cfg
                0x20001304        0x1 CMakeFiles/MatrizDeLeds.dir/home/reinanlinux/.pico-sdk/sdk/2.1.0/lib/tinyusb/src/class/cdc/cdc_device.c.o
 *fill*         0x20001305        0x3 
 .bss._cdcd_itf
                0x20001308      0x2c8 CMakeFiles/MatrizDeLeds.dir/home/reinanlinux/.pico-sdk/sdk/2.1.0/lib/tinyusb/src/class/cdc/cdc_device.c.o
 .bss._ctrl_xfer
                0x200015d0       0x14 CMakeFiles/MatrizDeLeds.dir/home/reinanlinux/.pico-sdk/sdk/2.1.0/lib/tinyusb/src/device/usbd_control.c.o
 .bss._ubsd_mutexdef
                0x200015e4        0x8 CMakeFiles/MatrizDeLeds.dir/home/reinanlinux/.pico-sdk/sdk/2.1.0/lib/tinyusb/src/device/usbd.c.o
 .bss._usbd_ctrl_buf
                0x200015ec       0x40 CMakeFiles/MatrizDeLeds.dir/home/reinanlinux/.pico-sdk/sdk/2.1.0/lib/tinyusb/src/device/usbd_control.c.o
 .bss._usbd_dev
                0x2000162c       0x54 CMakeFiles/MatrizDeLeds.dir/home/reinanlinux/.pico-sdk/sdk/2.1.0/lib/tinyusb/src/device/usbd.c.o
 .bss._usbd_mutex
                0x20001680        0x4 CMakeFiles/MatrizDeLeds.dir/home/reinanlinux/.pico-sdk/sdk/2.1.0/lib/tinyusb/src/device/usbd.c.o
 .bss._usbd_q   0x20001684        0x4 CMakeFiles/MatrizDeLeds.dir/home/reinanlinux/.pico-sdk/sdk/2.1.0/lib/tinyusb/src/device/usbd.c.o
 .bss._usbd_qdef_buf
                0x20001688       0xc0 CMakeFiles/MatrizDeLeds.dir/home/reinanlinux/.pico-sdk/sdk/2.1.0/lib/tinyusb/src/device/usbd.c.o
                0x20001688                _usbd_qdef_buf
 .bss._used_instruction_space
                0x20001748        0x8 CMakeFiles/MatrizDeLeds.dir/home/reinanlinux/.pico-sdk/sdk/2.1.0/src/rp2_common/hardware_pio/pio.c.o
 .bss._vendord_itf
                0x20001750      0x2cc CMakeFiles/MatrizDeLeds.dir/home/reinanlinux/.pico-sdk/sdk/2.1.0/lib/tinyusb/src/class/vendor/vendor_device.c.o
 .bss.boot2_copyout
                0x20001a1c      0x100 CMakeFiles/MatrizDeLeds.dir/home/reinanlinux/.pico-sdk/sdk/2.1.0/src/rp2_common/hardware_flash/flash.c.o
 .bss.chars_available_callback
                0x20001b1c        0x4 CMakeFiles/MatrizDeLeds.dir/home/reinanlinux/.pico-sdk/sdk/2.1.0/src/rp2_common/pico_stdio_uart/stdio_uart.c.o
 .bss.chars_available_callback
                0x20001b20        0x4 CMakeFiles/MatrizDeLeds.dir/home/reinanlinux/.pico-sdk/sdk/2.1.0/src/rp2_common/pico_stdio_usb/stdio_usb.c.o
 .bss.chars_available_param
                0x20001b24        0x4 CMakeFiles/MatrizDeLeds.dir/home/reinanlinux/.pico-sdk/sdk/2.1.0/src/rp2_common/pico_stdio_uart/stdio_uart.c.o
 .bss.chars_available_param
                0x20001b28        0x4 CMakeFiles/MatrizDeLeds.dir/home/reinanlinux/.pico-sdk/sdk/2.1.0/src/rp2_common/pico_stdio_usb/stdio_usb.c.o
 .bss.claimed   0x20001b2c        0x4 CMakeFiles/MatrizDeLeds.dir/home/reinanlinux/.pico-sdk/sdk/2.1.0/src/rp2_common/hardware_sync/sync.c.o
 .bss.claimed   0x20001b30        0x1 CMakeFiles/MatrizDeLeds.dir/home/reinanlinux/.pico-sdk/sdk/2.1.0/src/rp2_common/hardware_timer/timer.c.o
 *fill*         0x20001b31        0x3 
 .bss.configured_freq
                0x20001b34       0x28 CMakeFiles/MatrizDeLeds.dir/home/reinanlinux/.pico-sdk/sdk/2.1.0/src/rp2_common/hardware_clocks/clocks.c.o
 .bss.desc_str.0
                0x20001b5c       0x28 CMakeFiles/MatrizDeLeds.dir/home/reinanlinux/.pico-sdk/sdk/2.1.0/src/rp2_common/pico_stdio_usb/stdio_usb_descriptors.c.o
 .bss.drivers   0x20001b84        0x4 CMakeFiles/MatrizDeLeds.dir/home/reinanlinux/.pico-sdk/sdk/2.1.0/src/rp2_common/pico_stdio/stdio.c.o
 .bss.e15_last_sof
                0x20001b88        0x4 CMakeFiles/MatrizDeLeds.dir/home/reinanlinux/.pico-sdk/sdk/2.1.0/lib/tinyusb/src/portable/raspberrypi/rp2040/rp2040_usb.c.o
                0x20001b88                e15_last_sof
 .bss.filter    0x20001b8c        0x4 CMakeFiles/MatrizDeLeds.dir/home/reinanlinux/.pico-sdk/sdk/2.1.0/src/rp2_common/pico_stdio/stdio.c.o
 .bss.hw_endpoints
                0x20001b90      0x400 CMakeFiles/MatrizDeLeds.dir/home/reinanlinux/.pico-sdk/sdk/2.1.0/lib/tinyusb/src/portable/raspberrypi/rp2040/dcd_rp2040.c.o
 .bss.lazy_vsnprintf
                0x20001f90        0x4 CMakeFiles/MatrizDeLeds.dir/home/reinanlinux/.pico-sdk/sdk/2.1.0/src/rp2_common/pico_printf/printf.c.o
 .bss.load_value
                0x20001f94        0x4 CMakeFiles/MatrizDeLeds.dir/home/reinanlinux/.pico-sdk/sdk/2.1.0/src/rp2_common/hardware_watchdog/watchdog.c.o
 .bss.next_buffer_ptr
                0x20001f98        0x4 CMakeFiles/MatrizDeLeds.dir/home/reinanlinux/.pico-sdk/sdk/2.1.0/lib/tinyusb/src/portable/raspberrypi/rp2040/dcd_rp2040.c.o
 .bss.object.0  0x20001f9c       0x18 /home/reinanlinux/.pico-sdk/toolchain/13_3_Rel1/bin/../lib/gcc/arm-none-eabi/13.3.1/thumb/v6-m/nofp/crtbegin.o
 .bss.one_shot_timer_crit_sec
                0x20001fb4        0x8 CMakeFiles/MatrizDeLeds.dir/home/reinanlinux/.pico-sdk/sdk/2.1.0/src/rp2_common/pico_stdio_usb/stdio_usb.c.o
 .bss.pools     0x20001fbc       0x10 CMakeFiles/MatrizDeLeds.dir/home/reinanlinux/.pico-sdk/sdk/2.1.0/src/common/pico_time/time.c.o
 .bss.retrieved_id
                0x20001fcc        0x8 CMakeFiles/MatrizDeLeds.dir/home/reinanlinux/.pico-sdk/sdk/2.1.0/src/rp2_common/pico_unique_id/unique_id.c.o
 .bss.sf_clz_func
                0x20001fd4        0x4 CMakeFiles/MatrizDeLeds.dir/home/reinanlinux/.pico-sdk/sdk/2.1.0/src/rp2_common/pico_double/double_init_rom_rp2040.c.o
                0x20001fd4                sf_clz_func
 .bss.sf_table  0x20001fd8      0x100 CMakeFiles/MatrizDeLeds.dir/home/reinanlinux/.pico-sdk/sdk/2.1.0/src/rp2_common/pico_float/float_init_rom_rp2040.c.o
                0x20001fd8                sf_table
 .bss.sleep_notifier
                0x200020d8        0x4 CMakeFiles/MatrizDeLeds.dir/home/reinanlinux/.pico-sdk/sdk/2.1.0/src/common/pico_time/time.c.o
 .bss.stdio_usb_mutex
                0x200020dc        0x8 CMakeFiles/MatrizDeLeds.dir/home/reinanlinux/.pico-sdk/sdk/2.1.0/src/rp2_common/pico_stdio_usb/stdio_usb.c.o
 .bss.uart_char_to_line_feed
                0x200020e4        0x4 CMakeFiles/MatrizDeLeds.dir/home/reinanlinux/.pico-sdk/sdk/2.1.0/src/rp2_common/hardware_uart/uart.c.o
                0x200020e4                uart_char_to_line_feed
 .bss.uart_instance
                0x200020e8        0x4 CMakeFiles/MatrizDeLeds.dir/home/reinanlinux/.pico-sdk/sdk/2.1.0/src/rp2_common/pico_stdio_uart/stdio_uart.c.o
 .bss.usbd_serial_str
                0x200020ec       0x11 CMakeFiles/MatrizDeLeds.dir/home/reinanlinux/.pico-sdk/sdk/2.1.0/src/rp2_common/pico_stdio_usb/stdio_usb_descriptors.c.o
 .bss._app_driver_count
                0x200020fd        0x1 CMakeFiles/MatrizDeLeds.dir/home/reinanlinux/.pico-sdk/sdk/2.1.0/lib/tinyusb/src/device/usbd.c.o
 .bss._sof_enable
                0x200020fe        0x1 CMakeFiles/MatrizDeLeds.dir/home/reinanlinux/.pico-sdk/sdk/2.1.0/lib/tinyusb/src/portable/raspberrypi/rp2040/dcd_rp2040.c.o
 .bss._usbd_queued_setup
                0x200020ff        0x1 CMakeFiles/MatrizDeLeds.dir/home/reinanlinux/.pico-sdk/sdk/2.1.0/lib/tinyusb/src/device/usbd.c.o
 .bss.boot2_copyout_valid
                0x20002100        0x1 CMakeFiles/MatrizDeLeds.dir/home/reinanlinux/.pico-sdk/sdk/2.1.0/src/rp2_common/hardware_flash/flash.c.o
 .bss.irq_handler_chain_free_slot_head
                0x20002101        0x1 CMakeFiles/MatrizDeLeds.dir/home/reinanlinux/.pico-sdk/sdk/2.1.0/src/rp2_common/hardware_irq/irq.c.o
 .bss.itf_num   0x20002102        0x1 CMakeFiles/MatrizDeLeds.dir/home/reinanlinux/.pico-sdk/sdk/2.1.0/src/rp2_common/pico_stdio_usb/reset_interface.c.o
 .bss.low_priority_irq_num
                0x20002103        0x1 CMakeFiles/MatrizDeLeds.dir/home/reinanlinux/.pico-sdk/sdk/2.1.0/src/rp2_common/pico_stdio_usb/stdio_usb.c.o
 .bss.one_shot_timer_pending
                0x20002104        0x1 CMakeFiles/MatrizDeLeds.dir/home/reinanlinux/.pico-sdk/sdk/2.1.0/src/rp2_common/pico_stdio_usb/stdio_usb.c.o
 .bss.user_irq_claimed
                0x20002105        0x1 CMakeFiles/MatrizDeLeds.dir/home/reinanlinux/.pico-sdk/sdk/2.1.0/src/rp2_common/hardware_irq/irq.c.o
 *(COMMON)
                0x20002108                        . = ALIGN (0x4)
 *fill*         0x20002106        0x2 
                0x20002108                        __bss_end__ = .

.heap           0x20002108      0x800 load address 0x100062e8
                0x20002108                        __end__ = .
                0x20002108                        end = __end__
 *(.heap*)
 .heap          0x20002108      0x800 CMakeFiles/MatrizDeLeds.dir/home/reinanlinux/.pico-sdk/sdk/2.1.0/src/rp2_common/pico_crt0/crt0.S.o
                0x20040000                        __HeapLimit = (ORIGIN (RAM) + LENGTH (RAM))

.scratch_x      0x20040000        0x0 load address 0x100062e8
                0x20040000                        __scratch_x_start__ = .
 *(.scratch_x.*)
                0x20040000                        . = ALIGN (0x4)
                0x20040000                        __scratch_x_end__ = .
                0x100062e8                        __scratch_x_source__ = LOADADDR (.scratch_x)

.scratch_y      0x20041000        0x0 load address 0x100062e8
                0x20041000                        __scratch_y_start__ = .
 *(.scratch_y.*)
                0x20041000                        . = ALIGN (0x4)
                0x20041000                        __scratch_y_end__ = .
                0x100062e8                        __scratch_y_source__ = LOADADDR (.scratch_y)

.stack1_dummy
 *(.stack1*)

.stack_dummy    0x20041000      0x800
 *(.stack*)
 .stack         0x20041000      0x800 CMakeFiles/MatrizDeLeds.dir/home/reinanlinux/.pico-sdk/sdk/2.1.0/src/rp2_common/pico_crt0/crt0.S.o

.flash_end      0x100062e8        0x0
 *(.embedded_end_block*)
                0x100062e8                        PROVIDE (__flash_binary_end = .)
                0x20040000                        __StackLimit = (ORIGIN (RAM) + LENGTH (RAM))
                0x20041000                        __StackOneTop = (ORIGIN (SCRATCH_X) + LENGTH (SCRATCH_X))
                0x20042000                        __StackTop = (ORIGIN (SCRATCH_Y) + LENGTH (SCRATCH_Y))
                0x20041000                        __StackOneBottom = (__StackOneTop - SIZEOF (.stack1_dummy))
                0x20041800                        __StackBottom = (__StackTop - SIZEOF (.stack_dummy))
                0x20042000                        PROVIDE (__stack = __StackTop)
                [!provide]                        PROVIDE (__heap_start = __end__)
                [!provide]                        PROVIDE (__heap_end = __HeapLimit)
                [!provide]                        PROVIDE (__tls_align = MAX (ALIGNOF (.tdata), ALIGNOF (.tbss)))
                [!provide]                        PROVIDE (__tls_size_align = (((__tls_size + __tls_align) - 0x1) & ~ ((__tls_align - 0x1))))
                [!provide]                        PROVIDE (__arm32_tls_tcb_offset = MAX (0x8, __tls_align))
                [!provide]                        PROVIDE (_end = __end__)
                [!provide]                        PROVIDE (__llvm_libc_heap_limit = __HeapLimit)
                0x00000001                        ASSERT ((__StackLimit >= __HeapLimit), region RAM overflowed)
                0x00000001                        ASSERT (((__binary_info_header_end - __logical_binary_start) <= 0x100), Binary info must be in first 256 bytes of the binary)
LOAD CMakeFiles/MatrizDeLeds.dir/MatrizDeLeds.c.o
LOAD CMakeFiles/MatrizDeLeds.dir/home/reinanlinux/.pico-sdk/sdk/2.1.0/src/rp2_common/pico_stdlib/stdlib.c.o
LOAD CMakeFiles/MatrizDeLeds.dir/home/reinanlinux/.pico-sdk/sdk/2.1.0/src/rp2_common/hardware_gpio/gpio.c.o
LOAD CMakeFiles/MatrizDeLeds.dir/home/reinanlinux/.pico-sdk/sdk/2.1.0/src/rp2040/pico_platform/platform.c.o
LOAD CMakeFiles/MatrizDeLeds.dir/home/reinanlinux/.pico-sdk/sdk/2.1.0/src/rp2_common/pico_platform_panic/panic.c.o
LOAD CMakeFiles/MatrizDeLeds.dir/home/reinanlinux/.pico-sdk/sdk/2.1.0/src/common/hardware_claim/claim.c.o
LOAD CMakeFiles/MatrizDeLeds.dir/home/reinanlinux/.pico-sdk/sdk/2.1.0/src/rp2_common/hardware_sync/sync.c.o
LOAD CMakeFiles/MatrizDeLeds.dir/home/reinanlinux/.pico-sdk/sdk/2.1.0/src/rp2_common/hardware_sync_spin_lock/sync_spin_lock.c.o
LOAD CMakeFiles/MatrizDeLeds.dir/home/reinanlinux/.pico-sdk/sdk/2.1.0/src/rp2_common/hardware_irq/irq.c.o
LOAD CMakeFiles/MatrizDeLeds.dir/home/reinanlinux/.pico-sdk/sdk/2.1.0/src/rp2_common/hardware_irq/irq_handler_chain.S.o
LOAD CMakeFiles/MatrizDeLeds.dir/home/reinanlinux/.pico-sdk/sdk/2.1.0/src/common/pico_sync/sem.c.o
LOAD CMakeFiles/MatrizDeLeds.dir/home/reinanlinux/.pico-sdk/sdk/2.1.0/src/common/pico_sync/lock_core.c.o
LOAD CMakeFiles/MatrizDeLeds.dir/home/reinanlinux/.pico-sdk/sdk/2.1.0/src/common/pico_sync/mutex.c.o
LOAD CMakeFiles/MatrizDeLeds.dir/home/reinanlinux/.pico-sdk/sdk/2.1.0/src/common/pico_sync/critical_section.c.o
LOAD CMakeFiles/MatrizDeLeds.dir/home/reinanlinux/.pico-sdk/sdk/2.1.0/src/common/pico_time/time.c.o
LOAD CMakeFiles/MatrizDeLeds.dir/home/reinanlinux/.pico-sdk/sdk/2.1.0/src/common/pico_time/timeout_helper.c.o
LOAD CMakeFiles/MatrizDeLeds.dir/home/reinanlinux/.pico-sdk/sdk/2.1.0/src/rp2_common/hardware_timer/timer.c.o
LOAD CMakeFiles/MatrizDeLeds.dir/home/reinanlinux/.pico-sdk/sdk/2.1.0/src/common/pico_util/datetime.c.o
LOAD CMakeFiles/MatrizDeLeds.dir/home/reinanlinux/.pico-sdk/sdk/2.1.0/src/common/pico_util/pheap.c.o
LOAD CMakeFiles/MatrizDeLeds.dir/home/reinanlinux/.pico-sdk/sdk/2.1.0/src/common/pico_util/queue.c.o
LOAD CMakeFiles/MatrizDeLeds.dir/home/reinanlinux/.pico-sdk/sdk/2.1.0/src/rp2_common/hardware_uart/uart.c.o
LOAD CMakeFiles/MatrizDeLeds.dir/home/reinanlinux/.pico-sdk/sdk/2.1.0/src/rp2_common/hardware_clocks/clocks.c.o
LOAD CMakeFiles/MatrizDeLeds.dir/home/reinanlinux/.pico-sdk/sdk/2.1.0/src/rp2_common/hardware_pll/pll.c.o
LOAD CMakeFiles/MatrizDeLeds.dir/home/reinanlinux/.pico-sdk/sdk/2.1.0/src/rp2_common/hardware_vreg/vreg.c.o
LOAD CMakeFiles/MatrizDeLeds.dir/home/reinanlinux/.pico-sdk/sdk/2.1.0/src/rp2_common/hardware_watchdog/watchdog.c.o
LOAD CMakeFiles/MatrizDeLeds.dir/home/reinanlinux/.pico-sdk/sdk/2.1.0/src/rp2_common/hardware_ticks/ticks.c.o
LOAD CMakeFiles/MatrizDeLeds.dir/home/reinanlinux/.pico-sdk/sdk/2.1.0/src/rp2_common/pico_bootrom/bootrom.c.o
LOAD CMakeFiles/MatrizDeLeds.dir/home/reinanlinux/.pico-sdk/sdk/2.1.0/src/rp2_common/pico_bootrom/bootrom_lock.c.o
LOAD CMakeFiles/MatrizDeLeds.dir/home/reinanlinux/.pico-sdk/sdk/2.1.0/src/rp2_common/hardware_boot_lock/boot_lock.c.o
LOAD CMakeFiles/MatrizDeLeds.dir/home/reinanlinux/.pico-sdk/sdk/2.1.0/src/rp2_common/pico_flash/flash.c.o
LOAD CMakeFiles/MatrizDeLeds.dir/home/reinanlinux/.pico-sdk/sdk/2.1.0/src/rp2_common/hardware_xosc/xosc.c.o
LOAD CMakeFiles/MatrizDeLeds.dir/home/reinanlinux/.pico-sdk/sdk/2.1.0/src/rp2_common/hardware_divider/divider.S.o
LOAD CMakeFiles/MatrizDeLeds.dir/home/reinanlinux/.pico-sdk/sdk/2.1.0/src/rp2_common/pico_runtime/runtime.c.o
LOAD CMakeFiles/MatrizDeLeds.dir/home/reinanlinux/.pico-sdk/sdk/2.1.0/src/rp2_common/pico_runtime_init/runtime_init.c.o
LOAD CMakeFiles/MatrizDeLeds.dir/home/reinanlinux/.pico-sdk/sdk/2.1.0/src/rp2_common/pico_runtime_init/runtime_init_clocks.c.o
LOAD CMakeFiles/MatrizDeLeds.dir/home/reinanlinux/.pico-sdk/sdk/2.1.0/src/rp2_common/pico_runtime_init/runtime_init_stack_guard.c.o
LOAD CMakeFiles/MatrizDeLeds.dir/home/reinanlinux/.pico-sdk/sdk/2.1.0/src/rp2_common/pico_bit_ops/bit_ops_aeabi.S.o
LOAD CMakeFiles/MatrizDeLeds.dir/home/reinanlinux/.pico-sdk/sdk/2.1.0/src/rp2_common/pico_divider/divider_hardware.S.o
LOAD CMakeFiles/MatrizDeLeds.dir/home/reinanlinux/.pico-sdk/sdk/2.1.0/src/rp2_common/pico_double/double_aeabi_rp2040.S.o
LOAD CMakeFiles/MatrizDeLeds.dir/home/reinanlinux/.pico-sdk/sdk/2.1.0/src/rp2_common/pico_double/double_init_rom_rp2040.c.o
LOAD CMakeFiles/MatrizDeLeds.dir/home/reinanlinux/.pico-sdk/sdk/2.1.0/src/rp2_common/pico_double/double_math.c.o
LOAD CMakeFiles/MatrizDeLeds.dir/home/reinanlinux/.pico-sdk/sdk/2.1.0/src/rp2_common/pico_double/double_v1_rom_shim_rp2040.S.o
LOAD CMakeFiles/MatrizDeLeds.dir/home/reinanlinux/.pico-sdk/sdk/2.1.0/src/rp2_common/pico_int64_ops/pico_int64_ops_aeabi.S.o
LOAD CMakeFiles/MatrizDeLeds.dir/home/reinanlinux/.pico-sdk/sdk/2.1.0/src/rp2_common/pico_float/float_aeabi_rp2040.S.o
LOAD CMakeFiles/MatrizDeLeds.dir/home/reinanlinux/.pico-sdk/sdk/2.1.0/src/rp2_common/pico_float/float_init_rom_rp2040.c.o
LOAD CMakeFiles/MatrizDeLeds.dir/home/reinanlinux/.pico-sdk/sdk/2.1.0/src/rp2_common/pico_float/float_math.c.o
LOAD CMakeFiles/MatrizDeLeds.dir/home/reinanlinux/.pico-sdk/sdk/2.1.0/src/rp2_common/pico_float/float_v1_rom_shim_rp2040.S.o
LOAD CMakeFiles/MatrizDeLeds.dir/home/reinanlinux/.pico-sdk/sdk/2.1.0/src/rp2_common/pico_malloc/malloc.c.o
LOAD CMakeFiles/MatrizDeLeds.dir/home/reinanlinux/.pico-sdk/sdk/2.1.0/src/rp2_common/pico_mem_ops/mem_ops_aeabi.S.o
LOAD CMakeFiles/MatrizDeLeds.dir/home/reinanlinux/.pico-sdk/sdk/2.1.0/src/rp2_common/pico_atomic/atomic.c.o
LOAD CMakeFiles/MatrizDeLeds.dir/home/reinanlinux/.pico-sdk/sdk/2.1.0/src/rp2_common/pico_cxx_options/new_delete.cpp.o
LOAD CMakeFiles/MatrizDeLeds.dir/home/reinanlinux/.pico-sdk/sdk/2.1.0/src/rp2_common/pico_standard_binary_info/standard_binary_info.c.o
LOAD CMakeFiles/MatrizDeLeds.dir/home/reinanlinux/.pico-sdk/sdk/2.1.0/src/rp2_common/pico_printf/printf.c.o
LOAD CMakeFiles/MatrizDeLeds.dir/home/reinanlinux/.pico-sdk/sdk/2.1.0/src/rp2_common/pico_crt0/crt0.S.o
LOAD CMakeFiles/MatrizDeLeds.dir/home/reinanlinux/.pico-sdk/sdk/2.1.0/src/rp2_common/pico_clib_interface/newlib_interface.c.o
LOAD CMakeFiles/MatrizDeLeds.dir/home/reinanlinux/.pico-sdk/sdk/2.1.0/src/rp2_common/pico_stdio/stdio.c.o
LOAD CMakeFiles/MatrizDeLeds.dir/home/reinanlinux/.pico-sdk/sdk/2.1.0/src/rp2_common/pico_stdio_uart/stdio_uart.c.o
LOAD CMakeFiles/MatrizDeLeds.dir/home/reinanlinux/.pico-sdk/sdk/2.1.0/src/rp2_common/pico_stdio_usb/reset_interface.c.o